Archive member included to satisfy reference by file (symbol)

/usr/local/gcc-arm-none-eabi-8-2019-q3-update/bin/../lib/gcc/arm-none-eabi/8.3.1/../../../../arm-none-eabi/lib/thumb/v6-m/nofp/libc_nano.a(lib_a-exit.o)
                              /usr/local/gcc-arm-none-eabi-8-2019-q3-update/bin/../lib/gcc/arm-none-eabi/8.3.1/../../../../arm-none-eabi/lib/thumb/v6-m/nofp/crt0.o (exit)
/usr/local/gcc-arm-none-eabi-8-2019-q3-update/bin/../lib/gcc/arm-none-eabi/8.3.1/../../../../arm-none-eabi/lib/thumb/v6-m/nofp/libc_nano.a(lib_a-impure.o)
                              /usr/local/gcc-arm-none-eabi-8-2019-q3-update/bin/../lib/gcc/arm-none-eabi/8.3.1/../../../../arm-none-eabi/lib/thumb/v6-m/nofp/libc_nano.a(lib_a-exit.o) (_global_impure_ptr)
/usr/local/gcc-arm-none-eabi-8-2019-q3-update/bin/../lib/gcc/arm-none-eabi/8.3.1/../../../../arm-none-eabi/lib/thumb/v6-m/nofp/libc_nano.a(lib_a-init.o)
                              /usr/local/gcc-arm-none-eabi-8-2019-q3-update/bin/../lib/gcc/arm-none-eabi/8.3.1/../../../../arm-none-eabi/lib/thumb/v6-m/nofp/crt0.o (__libc_init_array)
/usr/local/gcc-arm-none-eabi-8-2019-q3-update/bin/../lib/gcc/arm-none-eabi/8.3.1/../../../../arm-none-eabi/lib/thumb/v6-m/nofp/libc_nano.a(lib_a-memcpy-stub.o)
                              build/queue.o (memcpy)
/usr/local/gcc-arm-none-eabi-8-2019-q3-update/bin/../lib/gcc/arm-none-eabi/8.3.1/../../../../arm-none-eabi/lib/thumb/v6-m/nofp/libc_nano.a(lib_a-memset.o)
                              /usr/local/gcc-arm-none-eabi-8-2019-q3-update/bin/../lib/gcc/arm-none-eabi/8.3.1/../../../../arm-none-eabi/lib/thumb/v6-m/nofp/crt0.o (memset)
/usr/local/gcc-arm-none-eabi-8-2019-q3-update/bin/../lib/gcc/arm-none-eabi/8.3.1/../../../../arm-none-eabi/lib/thumb/v6-m/nofp/libnosys.a(_exit.o)
                              /usr/local/gcc-arm-none-eabi-8-2019-q3-update/bin/../lib/gcc/arm-none-eabi/8.3.1/../../../../arm-none-eabi/lib/thumb/v6-m/nofp/libc_nano.a(lib_a-exit.o) (_exit)
/usr/local/gcc-arm-none-eabi-8-2019-q3-update/bin/../lib/gcc/arm-none-eabi/8.3.1/thumb/v6-m/nofp/libgcc.a(_udivsi3.o)
                              build/stm32l0xx_hal_timebase_tim.o (__aeabi_uidiv)
/usr/local/gcc-arm-none-eabi-8-2019-q3-update/bin/../lib/gcc/arm-none-eabi/8.3.1/thumb/v6-m/nofp/libgcc.a(_dvmd_tls.o)
                              /usr/local/gcc-arm-none-eabi-8-2019-q3-update/bin/../lib/gcc/arm-none-eabi/8.3.1/thumb/v6-m/nofp/libgcc.a(_udivsi3.o) (__aeabi_idiv0)

Allocating common symbols
Common symbol       size              file

uwTick              0x4               build/stm32l0xx_hal.o
xQueueRegistry      0x40              build/queue.o
pFlash              0x18              build/stm32l0xx_hal_flash.o
htim2               0x3c              build/stm32l0xx_hal_timebase_tim.o
blinkHandle         0x4               build/freertos.o

Discarded input sections

 .text          0x0000000000000000        0x0 /usr/local/gcc-arm-none-eabi-8-2019-q3-update/bin/../lib/gcc/arm-none-eabi/8.3.1/thumb/v6-m/nofp/crti.o
 .data          0x0000000000000000        0x0 /usr/local/gcc-arm-none-eabi-8-2019-q3-update/bin/../lib/gcc/arm-none-eabi/8.3.1/thumb/v6-m/nofp/crti.o
 .bss           0x0000000000000000        0x0 /usr/local/gcc-arm-none-eabi-8-2019-q3-update/bin/../lib/gcc/arm-none-eabi/8.3.1/thumb/v6-m/nofp/crti.o
 .data          0x0000000000000000        0x4 /usr/local/gcc-arm-none-eabi-8-2019-q3-update/bin/../lib/gcc/arm-none-eabi/8.3.1/thumb/v6-m/nofp/crtbegin.o
 .text          0x0000000000000000       0x78 /usr/local/gcc-arm-none-eabi-8-2019-q3-update/bin/../lib/gcc/arm-none-eabi/8.3.1/../../../../arm-none-eabi/lib/thumb/v6-m/nofp/crt0.o
 .data          0x0000000000000000        0x0 /usr/local/gcc-arm-none-eabi-8-2019-q3-update/bin/../lib/gcc/arm-none-eabi/8.3.1/../../../../arm-none-eabi/lib/thumb/v6-m/nofp/crt0.o
 .bss           0x0000000000000000        0x0 /usr/local/gcc-arm-none-eabi-8-2019-q3-update/bin/../lib/gcc/arm-none-eabi/8.3.1/../../../../arm-none-eabi/lib/thumb/v6-m/nofp/crt0.o
 .ARM.extab     0x0000000000000000        0x0 /usr/local/gcc-arm-none-eabi-8-2019-q3-update/bin/../lib/gcc/arm-none-eabi/8.3.1/../../../../arm-none-eabi/lib/thumb/v6-m/nofp/crt0.o
 .ARM.exidx     0x0000000000000000        0x8 /usr/local/gcc-arm-none-eabi-8-2019-q3-update/bin/../lib/gcc/arm-none-eabi/8.3.1/../../../../arm-none-eabi/lib/thumb/v6-m/nofp/crt0.o
 .ARM.attributes
                0x0000000000000000       0x1b /usr/local/gcc-arm-none-eabi-8-2019-q3-update/bin/../lib/gcc/arm-none-eabi/8.3.1/../../../../arm-none-eabi/lib/thumb/v6-m/nofp/crt0.o
 .text          0x0000000000000000        0x0 build/main.o
 .data          0x0000000000000000        0x0 build/main.o
 .bss           0x0000000000000000        0x0 build/main.o
 .text.Error_Handler
                0x0000000000000000        0x2 build/main.o
 .text          0x0000000000000000        0x0 build/freertos.o
 .data          0x0000000000000000        0x0 build/freertos.o
 .bss           0x0000000000000000        0x0 build/freertos.o
[...]
Memory Configuration

Name             Origin             Length             Attributes
RAM              0x0000000020000000 0x0000000000005000 xrw
FLASH            0x0000000008000000 0x0000000000020000 xr
*default*        0x0000000000000000 0xffffffffffffffff

Linker script and memory map

LOAD /usr/local/gcc-arm-none-eabi-8-2019-q3-update/bin/../lib/gcc/arm-none-eabi/8.3.1/thumb/v6-m/nofp/crti.o
LOAD /usr/local/gcc-arm-none-eabi-8-2019-q3-update/bin/../lib/gcc/arm-none-eabi/8.3.1/thumb/v6-m/nofp/crtbegin.o
LOAD /usr/local/gcc-arm-none-eabi-8-2019-q3-update/bin/../lib/gcc/arm-none-eabi/8.3.1/../../../../arm-none-eabi/lib/thumb/v6-m/nofp/crt0.o
LOAD build/main.o
LOAD build/freertos.o
LOAD build/stm32l0xx_it.o
LOAD build/stm32l0xx_hal_msp.o
LOAD build/stm32l0xx_hal_timebase_tim.o
LOAD build/stm32l0xx_hal.o
LOAD build/stm32l0xx_hal_i2c.o
LOAD build/stm32l0xx_hal_i2c_ex.o
LOAD build/stm32l0xx_hal_rcc.o
LOAD build/stm32l0xx_hal_rcc_ex.o
LOAD build/stm32l0xx_hal_flash_ramfunc.o
LOAD build/stm32l0xx_hal_flash.o
LOAD build/stm32l0xx_hal_flash_ex.o
LOAD build/stm32l0xx_hal_gpio.o
LOAD build/stm32l0xx_hal_dma.o
LOAD build/stm32l0xx_hal_pwr.o
LOAD build/stm32l0xx_hal_pwr_ex.o
LOAD build/stm32l0xx_hal_cortex.o
LOAD build/stm32l0xx_hal_tim.o
LOAD build/stm32l0xx_hal_tim_ex.o
LOAD build/system_stm32l0xx.o
LOAD build/croutine.o
LOAD build/event_groups.o
LOAD build/list.o
LOAD build/queue.o
LOAD build/stream_buffer.o
LOAD build/tasks.o
LOAD build/timers.o
LOAD build/cmsis_os.o
LOAD build/heap_4.o
LOAD build/port.o
LOAD build/gpio.o
LOAD build/startup_stm32l071xx.o
LOAD /usr/local/gcc-arm-none-eabi-8-2019-q3-update/bin/../lib/gcc/arm-none-eabi/8.3.1/../../../../arm-none-eabi/lib/thumb/v6-m/nofp/libc_nano.a
LOAD /usr/local/gcc-arm-none-eabi-8-2019-q3-update/bin/../lib/gcc/arm-none-eabi/8.3.1/../../../../arm-none-eabi/lib/thumb/v6-m/nofp/libm.a
LOAD /usr/local/gcc-arm-none-eabi-8-2019-q3-update/bin/../lib/gcc/arm-none-eabi/8.3.1/../../../../arm-none-eabi/lib/thumb/v6-m/nofp/libnosys.a
START GROUP
LOAD /usr/local/gcc-arm-none-eabi-8-2019-q3-update/bin/../lib/gcc/arm-none-eabi/8.3.1/thumb/v6-m/nofp/libgcc.a
LOAD /usr/local/gcc-arm-none-eabi-8-2019-q3-update/bin/../lib/gcc/arm-none-eabi/8.3.1/../../../../arm-none-eabi/lib/thumb/v6-m/nofp/libc_nano.a
END GROUP
START GROUP
LOAD /usr/local/gcc-arm-none-eabi-8-2019-q3-update/bin/../lib/gcc/arm-none-eabi/8.3.1/thumb/v6-m/nofp/libgcc.a
LOAD /usr/local/gcc-arm-none-eabi-8-2019-q3-update/bin/../lib/gcc/arm-none-eabi/8.3.1/../../../../arm-none-eabi/lib/thumb/v6-m/nofp/libc_nano.a
END GROUP
LOAD /usr/local/gcc-arm-none-eabi-8-2019-q3-update/bin/../lib/gcc/arm-none-eabi/8.3.1/thumb/v6-m/nofp/crtend.o
LOAD /usr/local/gcc-arm-none-eabi-8-2019-q3-update/bin/../lib/gcc/arm-none-eabi/8.3.1/thumb/v6-m/nofp/crtn.o
                0x0000000020005000                _estack = 0x20005000
                0x0000000000000200                _Min_Heap_Size = 0x200
                0x0000000000000400                _Min_Stack_Size = 0x400

.isr_vector     0x0000000008000000       0xc0
                0x0000000008000000                . = ALIGN (0x4)
 *(.isr_vector)
 .isr_vector    0x0000000008000000       0xc0 build/startup_stm32l071xx.o
                0x0000000008000000                g_pfnVectors
                0x00000000080000c0                . = ALIGN (0x4)

.text           0x00000000080000c0     0x1c68
                0x00000000080000c0                . = ALIGN (0x4)
 *(.text)
 .text          0x00000000080000c0       0x48 /usr/local/gcc-arm-none-eabi-8-2019-q3-update/bin/../lib/gcc/arm-none-eabi/8.3.1/thumb/v6-m/nofp/crtbegin.o
 .text          0x0000000008000108      0x114 /usr/local/gcc-arm-none-eabi-8-2019-q3-update/bin/../lib/gcc/arm-none-eabi/8.3.1/thumb/v6-m/nofp/libgcc.a(_udivsi3.o)
                0x0000000008000108                __udivsi3
                0x0000000008000108                __aeabi_uidiv
                0x0000000008000214                __aeabi_uidivmod
 .text          0x000000000800021c        0x4 /usr/local/gcc-arm-none-eabi-8-2019-q3-update/bin/../lib/gcc/arm-none-eabi/8.3.1/thumb/v6-m/nofp/libgcc.a(_dvmd_tls.o)
                0x000000000800021c                __aeabi_ldiv0
                0x000000000800021c                __aeabi_idiv0
 *(.text*)
 .text.SystemClock_Config
                0x0000000008000220       0x70 build/main.o
                0x0000000008000220                SystemClock_Config
 .text.main     0x0000000008000290       0x18 build/main.o
                0x0000000008000290                main
 .text.HAL_TIM_PeriodElapsedCallback
                0x00000000080002a8       0x14 build/main.o
                0x00000000080002a8                HAL_TIM_PeriodElapsedCallback
 .text.Blink    0x00000000080002bc       0x2c build/freertos.o
                0x00000000080002bc                Blink
 .text.vApplicationGetIdleTaskMemory
                0x00000000080002e8       0x18 build/freertos.o
                0x00000000080002e8                vApplicationGetIdleTaskMemory
 .text.MX_FREERTOS_Init
                0x0000000008000300       0x30 build/freertos.o
                0x0000000008000300                MX_FREERTOS_Init
 .text.NMI_Handler
                0x0000000008000330        0x2 build/stm32l0xx_it.o
                0x0000000008000330                NMI_Handler
 .text.HardFault_Handler
                0x0000000008000332        0x2 build/stm32l0xx_it.o
                0x0000000008000332                HardFault_Handler
 .text.TIM2_IRQHandler
                0x0000000008000334       0x10 build/stm32l0xx_it.o
                0x0000000008000334                TIM2_IRQHandler
 .text.HAL_MspInit
                0x0000000008000344       0x1c build/stm32l0xx_hal_msp.o
                0x0000000008000344                HAL_MspInit
 .text.HAL_InitTick
                0x0000000008000360       0x6c build/stm32l0xx_hal_timebase_tim.o
                0x0000000008000360                HAL_InitTick
 .text.HAL_Init
                0x00000000080003cc       0x28 build/stm32l0xx_hal.o
                0x00000000080003cc                HAL_Init
 .text.HAL_IncTick
                0x00000000080003f4       0x18 build/stm32l0xx_hal.o
                0x00000000080003f4                HAL_IncTick
 .text.HAL_GetTick
                0x000000000800040c        0xc build/stm32l0xx_hal.o
                0x000000000800040c                HAL_GetTick
 .text.HAL_RCC_GetSysClockFreq
                0x0000000008000418       0xb0 build/stm32l0xx_hal_rcc.o
                0x0000000008000418                HAL_RCC_GetSysClockFreq
 .text.HAL_RCC_OscConfig
                0x00000000080004c8      0x514 build/stm32l0xx_hal_rcc.o
                0x00000000080004c8                HAL_RCC_OscConfig
 .text.HAL_RCC_ClockConfig
                0x00000000080009dc      0x1a8 build/stm32l0xx_hal_rcc.o
                0x00000000080009dc                HAL_RCC_ClockConfig
 .text.HAL_RCC_GetHCLKFreq
                0x0000000008000b84        0xc build/stm32l0xx_hal_rcc.o
                0x0000000008000b84                HAL_RCC_GetHCLKFreq
 .text.HAL_RCC_GetPCLK1Freq
                0x0000000008000b90       0x20 build/stm32l0xx_hal_rcc.o
                0x0000000008000b90                HAL_RCC_GetPCLK1Freq
 .text.HAL_RCC_GetClockConfig
                0x0000000008000bb0       0x40 build/stm32l0xx_hal_rcc.o
                0x0000000008000bb0                HAL_RCC_GetClockConfig
 .text.HAL_GPIO_Init
                0x0000000008000bf0      0x19c build/stm32l0xx_hal_gpio.o
                0x0000000008000bf0                HAL_GPIO_Init
 .text.HAL_GPIO_WritePin
                0x0000000008000d8c        0xc build/stm32l0xx_hal_gpio.o
                0x0000000008000d8c                HAL_GPIO_WritePin
 .text.HAL_GPIO_TogglePin
                0x0000000008000d98       0x10 build/stm32l0xx_hal_gpio.o
                0x0000000008000d98                HAL_GPIO_TogglePin
 .text.HAL_NVIC_SetPriority
                0x0000000008000da8       0x64 build/stm32l0xx_hal_cortex.o
                0x0000000008000da8                HAL_NVIC_SetPriority
 .text.HAL_NVIC_EnableIRQ
                0x0000000008000e0c       0x14 build/stm32l0xx_hal_cortex.o
                0x0000000008000e0c                HAL_NVIC_EnableIRQ
 .text.TIM_Base_SetConfig
                0x0000000008000e20       0x70 build/stm32l0xx_hal_tim.o
 .text.HAL_TIM_Base_MspInit
                0x0000000008000e90        0x2 build/stm32l0xx_hal_tim.o
                0x0000000008000e90                HAL_TIM_Base_MspInit
 .text.HAL_TIM_Base_Init
                0x0000000008000e92       0x34 build/stm32l0xx_hal_tim.o
                0x0000000008000e92                HAL_TIM_Base_Init
 .text.HAL_TIM_Base_Start_IT
                0x0000000008000ec6       0x22 build/stm32l0xx_hal_tim.o
                0x0000000008000ec6                HAL_TIM_Base_Start_IT
 .text.HAL_TIM_OC_DelayElapsedCallback
                0x0000000008000ee8        0x2 build/stm32l0xx_hal_tim.o
                0x0000000008000ee8                HAL_TIM_OC_DelayElapsedCallback
 .text.HAL_TIM_IC_CaptureCallback
                0x0000000008000eea        0x2 build/stm32l0xx_hal_tim.o
                0x0000000008000eea                HAL_TIM_IC_CaptureCallback
 .text.HAL_TIM_PWM_PulseFinishedCallback
                0x0000000008000eec        0x2 build/stm32l0xx_hal_tim.o
                0x0000000008000eec                HAL_TIM_PWM_PulseFinishedCallback
 .text.HAL_TIM_TriggerCallback
                0x0000000008000eee        0x2 build/stm32l0xx_hal_tim.o
                0x0000000008000eee                HAL_TIM_TriggerCallback
 .text.HAL_TIM_IRQHandler
                0x0000000008000ef0      0x122 build/stm32l0xx_hal_tim.o
                0x0000000008000ef0                HAL_TIM_IRQHandler
 *fill*         0x0000000008001012        0x2 
 .text.SystemInit
                0x0000000008001014       0x5c build/system_stm32l0xx.o
                0x0000000008001014                SystemInit
 .text.vListInitialise
                0x0000000008001070       0x16 build/list.o
                0x0000000008001070                vListInitialise
 .text.vListInitialiseItem
                0x0000000008001086        0x6 build/list.o
                0x0000000008001086                vListInitialiseItem
 .text.vListInsertEnd
                0x000000000800108c       0x16 build/list.o
                0x000000000800108c                vListInsertEnd
 .text.vListInsert
                0x00000000080010a2       0x30 build/list.o
                0x00000000080010a2                vListInsert
 .text.uxListRemove
                0x00000000080010d2       0x26 build/list.o
                0x00000000080010d2                uxListRemove
 .text.prvResetNextTaskUnblockTime
                0x00000000080010f8       0x2c build/tasks.o
 .text.prvInitialiseNewTask
                0x0000000008001124       0x84 build/tasks.o
 .text.prvInitialiseTaskLists
                0x00000000080011a8       0x68 build/tasks.o
 .text.prvAddNewTaskToReadyList
                0x0000000008001210       0xa0 build/tasks.o
 .text.prvDeleteTCB
                0x00000000080012b0       0x2c build/tasks.o
 .text.prvCheckTasksWaitingTermination
                0x00000000080012dc       0x44 build/tasks.o
 .text.prvIdleTask
                0x0000000008001320       0x18 build/tasks.o
 .text.prvAddCurrentTaskToDelayedList
                0x0000000008001338       0x7c build/tasks.o
 .text.xTaskCreateStatic
                0x00000000080013b4       0x4c build/tasks.o
                0x00000000080013b4                xTaskCreateStatic
 .text.xTaskCreate
                0x0000000008001400       0x64 build/tasks.o
                0x0000000008001400                xTaskCreate
 .text.vTaskStartScheduler
                0x0000000008001464       0x60 build/tasks.o
                0x0000000008001464                vTaskStartScheduler
 .text.vTaskSuspendAll
                0x00000000080014c4       0x10 build/tasks.o
                0x00000000080014c4                vTaskSuspendAll
 .text.xTaskIncrementTick
                0x00000000080014d4      0x114 build/tasks.o
                0x00000000080014d4                xTaskIncrementTick
 .text.xTaskResumeAll
                0x00000000080015e8       0xe8 build/tasks.o
                0x00000000080015e8                xTaskResumeAll
 .text.vTaskDelay
                0x00000000080016d0       0x30 build/tasks.o
                0x00000000080016d0                vTaskDelay
 .text.vTaskSwitchContext
                0x0000000008001700       0x88 build/tasks.o
                0x0000000008001700                vTaskSwitchContext
 .text.makeFreeRtosPriority
                0x0000000008001788        0xc build/cmsis_os.o
 .text.osKernelStart
                0x0000000008001794        0xa build/cmsis_os.o
                0x0000000008001794                osKernelStart
 .text.osThreadCreate
                0x000000000800179e       0x6c build/cmsis_os.o
                0x000000000800179e                osThreadCreate
 .text.osDelay  0x000000000800180a       0x10 build/cmsis_os.o
                0x000000000800180a                osDelay
 *fill*         0x000000000800181a        0x2 
 .text.prvHeapInit
                0x000000000800181c       0x64 build/heap_4.o
 .text.prvInsertBlockIntoFreeList
                0x0000000008001880       0x54 build/heap_4.o
 .text.pvPortMalloc
                0x00000000080018d4       0xd8 build/heap_4.o
                0x00000000080018d4                pvPortMalloc
 .text.vPortFree
                0x00000000080019ac       0x54 build/heap_4.o
                0x00000000080019ac                vPortFree
 .text.prvTaskExitError
                0x0000000008001a00       0x24 build/port.o
 *fill*         0x0000000008001a24        0xc 
 .text.vPortStartFirstTask
                0x0000000008001a30       0x34 build/port.o
 .text.prvSetupTimerInterrupt
                0x0000000008001a64       0x34 build/port.o
 .text.pxPortInitialiseStack
                0x0000000008001a98       0x20 build/port.o
                0x0000000008001a98                pxPortInitialiseStack
 .text.SVC_Handler
                0x0000000008001ab8        0x2 build/port.o
                0x0000000008001ab8                SVC_Handler
 *fill*         0x0000000008001aba        0x2 
 .text.xPortStartScheduler
                0x0000000008001abc       0x3c build/port.o
                0x0000000008001abc                xPortStartScheduler
 .text.vPortYield
                0x0000000008001af8       0x18 build/port.o
                0x0000000008001af8                vPortYield
 .text.vPortEnterCritical
                0x0000000008001b10       0x18 build/port.o
                0x0000000008001b10                vPortEnterCritical
 .text.vPortExitCritical
                0x0000000008001b28       0x20 build/port.o
                0x0000000008001b28                vPortExitCritical
 .text.ulSetInterruptMaskFromISR
                0x0000000008001b48        0x8 build/port.o
                0x0000000008001b48                ulSetInterruptMaskFromISR
 .text.vClearInterruptMaskFromISR
                0x0000000008001b50        0x6 build/port.o
                0x0000000008001b50                vClearInterruptMaskFromISR
 *fill*         0x0000000008001b56        0xa 
 .text.PendSV_Handler
                0x0000000008001b60       0x44 build/port.o
                0x0000000008001b60                PendSV_Handler
 .text.SysTick_Handler
                0x0000000008001ba4       0x24 build/port.o
                0x0000000008001ba4                SysTick_Handler
 .text.MX_GPIO_Init
                0x0000000008001bc8       0x9c build/gpio.o
                0x0000000008001bc8                MX_GPIO_Init
 .text.Reset_Handler
                0x0000000008001c64       0x50 build/startup_stm32l071xx.o
                0x0000000008001c64                Reset_Handler
 .text.Default_Handler
                0x0000000008001cb4        0x2 build/startup_stm32l071xx.o
                0x0000000008001cb4                ADC1_COMP_IRQHandler
                0x0000000008001cb4                TIM6_IRQHandler
                0x0000000008001cb4                PVD_IRQHandler
                0x0000000008001cb4                I2C1_IRQHandler
                0x0000000008001cb4                SPI1_IRQHandler
                0x0000000008001cb4                EXTI2_3_IRQHandler
                0x0000000008001cb4                I2C2_IRQHandler
                0x0000000008001cb4                RTC_IRQHandler
                0x0000000008001cb4                DMA1_Channel4_5_6_7_IRQHandler
                0x0000000008001cb4                TIM3_IRQHandler
                0x0000000008001cb4                EXTI4_15_IRQHandler
                0x0000000008001cb4                RCC_IRQHandler
                0x0000000008001cb4                DMA1_Channel1_IRQHandler
                0x0000000008001cb4                USART4_5_IRQHandler
                0x0000000008001cb4                Default_Handler
                0x0000000008001cb4                TIM22_IRQHandler
                0x0000000008001cb4                TIM7_IRQHandler
                0x0000000008001cb4                EXTI0_1_IRQHandler
                0x0000000008001cb4                I2C3_IRQHandler
                0x0000000008001cb4                SPI2_IRQHandler
                0x0000000008001cb4                TIM21_IRQHandler
                0x0000000008001cb4                WWDG_IRQHandler
                0x0000000008001cb4                LPUART1_IRQHandler
                0x0000000008001cb4                DMA1_Channel2_3_IRQHandler
                0x0000000008001cb4                USART2_IRQHandler
                0x0000000008001cb4                FLASH_IRQHandler
                0x0000000008001cb4                USART1_IRQHandler
                0x0000000008001cb4                LPTIM1_IRQHandler
 *fill*         0x0000000008001cb6        0x2 
 .text.__libc_init_array
                0x0000000008001cb8       0x48 /usr/local/gcc-arm-none-eabi-8-2019-q3-update/bin/../lib/gcc/arm-none-eabi/8.3.1/../../../../arm-none-eabi/lib/thumb/v6-m/nofp/libc_nano.a(lib_a-init.o)
                0x0000000008001cb8                __libc_init_array
 .text.memset   0x0000000008001d00       0x10 /usr/local/gcc-arm-none-eabi-8-2019-q3-update/bin/../lib/gcc/arm-none-eabi/8.3.1/../../../../arm-none-eabi/lib/thumb/v6-m/nofp/libc_nano.a(lib_a-memset.o)
                0x0000000008001d00                memset
 *(.glue_7)
 .glue_7        0x0000000008001d10        0x0 linker stubs
 *(.glue_7t)
 .glue_7t       0x0000000008001d10        0x0 linker stubs
 *(.eh_frame)
 .eh_frame      0x0000000008001d10        0x0 /usr/local/gcc-arm-none-eabi-8-2019-q3-update/bin/../lib/gcc/arm-none-eabi/8.3.1/thumb/v6-m/nofp/crtbegin.o
 *(.init)
 .init          0x0000000008001d10        0x4 /usr/local/gcc-arm-none-eabi-8-2019-q3-update/bin/../lib/gcc/arm-none-eabi/8.3.1/thumb/v6-m/nofp/crti.o
                0x0000000008001d10                _init
 .init          0x0000000008001d14        0x8 /usr/local/gcc-arm-none-eabi-8-2019-q3-update/bin/../lib/gcc/arm-none-eabi/8.3.1/thumb/v6-m/nofp/crtn.o
 *(.fini)
 .fini          0x0000000008001d1c        0x4 /usr/local/gcc-arm-none-eabi-8-2019-q3-update/bin/../lib/gcc/arm-none-eabi/8.3.1/thumb/v6-m/nofp/crti.o
                0x0000000008001d1c                _fini
 .fini          0x0000000008001d20        0x8 /usr/local/gcc-arm-none-eabi-8-2019-q3-update/bin/../lib/gcc/arm-none-eabi/8.3.1/thumb/v6-m/nofp/crtn.o
                0x0000000008001d28                . = ALIGN (0x4)
                0x0000000008001d28                _etext = .

.vfp11_veneer   0x0000000008001d28        0x0
 .vfp11_veneer  0x0000000008001d28        0x0 linker stubs

.v4_bx          0x0000000008001d28        0x0
 .v4_bx         0x0000000008001d28        0x0 linker stubs

.iplt           0x0000000008001d28        0x0
 .iplt          0x0000000008001d28        0x0 /usr/local/gcc-arm-none-eabi-8-2019-q3-update/bin/../lib/gcc/arm-none-eabi/8.3.1/thumb/v6-m/nofp/crtbegin.o

.rodata         0x0000000008001d28       0x50
                0x0000000008001d28                . = ALIGN (0x4)
 *(.rodata)
 .rodata        0x0000000008001d28       0x1c build/freertos.o
 *(.rodata*)
 .rodata.str1.4
                0x0000000008001d44        0x6 build/freertos.o
 *fill*         0x0000000008001d4a        0x2 
 .rodata.AHBPrescTable
                0x0000000008001d4c       0x10 build/system_stm32l0xx.o
                0x0000000008001d4c                AHBPrescTable
 .rodata.APBPrescTable
                0x0000000008001d5c        0x8 build/system_stm32l0xx.o
                0x0000000008001d5c                APBPrescTable
 .rodata.PLLMulTable
                0x0000000008001d64        0x9 build/system_stm32l0xx.o
                0x0000000008001d64                PLLMulTable
 *fill*         0x0000000008001d6d        0x3 
 .rodata.vTaskStartScheduler.str1.4
                0x0000000008001d70        0x8 build/tasks.o
                                          0x5 (size before relaxing)
                0x0000000008001d78                . = ALIGN (0x4)

.rel.dyn        0x0000000008001d78        0x0
 .rel.iplt      0x0000000008001d78        0x0 /usr/local/gcc-arm-none-eabi-8-2019-q3-update/bin/../lib/gcc/arm-none-eabi/8.3.1/thumb/v6-m/nofp/crtbegin.o

.ARM.extab
 *(.ARM.extab* .gnu.linkonce.armextab.*)

.ARM            0x0000000008001d78        0x0
                0x0000000008001d78                __exidx_start = .
 *(.ARM.exidx*)
                0x0000000008001d78                __exidx_end = .

.preinit_array  0x0000000008001d78        0x0
                0x0000000008001d78                PROVIDE (__preinit_array_start = .)
 *(.preinit_array*)
                0x0000000008001d78                PROVIDE (__preinit_array_end = .)

.init_array     0x0000000008001d78        0x4
                0x0000000008001d78                PROVIDE (__init_array_start = .)
 *(SORT_BY_NAME(.init_array.*))
 *(.init_array*)
 .init_array    0x0000000008001d78        0x4 /usr/local/gcc-arm-none-eabi-8-2019-q3-update/bin/../lib/gcc/arm-none-eabi/8.3.1/thumb/v6-m/nofp/crtbegin.o
                0x0000000008001d7c                PROVIDE (__init_array_end = .)

.fini_array     0x0000000008001d7c        0x4
                [!provide]                        PROVIDE (__fini_array_start = .)
 *(SORT_BY_NAME(.fini_array.*))
 *(.fini_array*)
 .fini_array    0x0000000008001d7c        0x4 /usr/local/gcc-arm-none-eabi-8-2019-q3-update/bin/../lib/gcc/arm-none-eabi/8.3.1/thumb/v6-m/nofp/crtbegin.o
                [!provide]                        PROVIDE (__fini_array_end = .)
                0x0000000008001d80                _sidata = LOADADDR (.data)

.data           0x0000000020000000        0xc load address 0x0000000008001d80
                0x0000000020000000                . = ALIGN (0x4)
                0x0000000020000000                _sdata = .
 *(.data)
 *(.data*)
 .data.uwTickFreq
                0x0000000020000000        0x1 build/stm32l0xx_hal.o
                0x0000000020000000                uwTickFreq
 *fill*         0x0000000020000001        0x3 
 .data.SystemCoreClock
                0x0000000020000004        0x4 build/system_stm32l0xx.o
                0x0000000020000004                SystemCoreClock
 .data.uxCriticalNesting
                0x0000000020000008        0x4 build/port.o
                0x000000002000000c                . = ALIGN (0x4)
                0x000000002000000c                _edata = .

.igot.plt       0x000000002000000c        0x0 load address 0x0000000008001d8c
 .igot.plt      0x000000002000000c        0x0 /usr/local/gcc-arm-none-eabi-8-2019-q3-update/bin/../lib/gcc/arm-none-eabi/8.3.1/thumb/v6-m/nofp/crtbegin.o
                0x000000002000000c                . = ALIGN (0x4)

.bss            0x000000002000000c      0xff4 load address 0x0000000008001d8c
                0x000000002000000c                _sbss = .
                0x000000002000000c                __bss_start__ = _sbss
 *(.bss)
 .bss           0x000000002000000c       0x1c /usr/local/gcc-arm-none-eabi-8-2019-q3-update/bin/../lib/gcc/arm-none-eabi/8.3.1/thumb/v6-m/nofp/crtbegin.o
 *(.bss*)
 .bss.xIdleStack
                0x0000000020000028      0x200 build/freertos.o
 .bss.xIdleTaskTCBBuffer
                0x0000000020000228       0x54 build/freertos.o
 .bss.pxCurrentTCB
                0x000000002000027c        0x4 build/tasks.o
                0x000000002000027c                pxCurrentTCB
 .bss.pxDelayedTaskList
                0x0000000020000280        0x4 build/tasks.o
 .bss.pxOverflowDelayedTaskList
                0x0000000020000284        0x4 build/tasks.o
 .bss.pxReadyTasksLists
                0x0000000020000288       0x8c build/tasks.o
 .bss.uxCurrentNumberOfTasks
                0x0000000020000314        0x4 build/tasks.o
 .bss.uxDeletedTasksWaitingCleanUp
                0x0000000020000318        0x4 build/tasks.o
 .bss.uxPendedTicks
                0x000000002000031c        0x4 build/tasks.o
 .bss.uxSchedulerSuspended
                0x0000000020000320        0x4 build/tasks.o
 .bss.uxTaskNumber
                0x0000000020000324        0x4 build/tasks.o
 .bss.uxTopReadyPriority
                0x0000000020000328        0x4 build/tasks.o
 .bss.xDelayedTaskList1
                0x000000002000032c       0x14 build/tasks.o
 .bss.xDelayedTaskList2
                0x0000000020000340       0x14 build/tasks.o
 .bss.xNextTaskUnblockTime
                0x0000000020000354        0x4 build/tasks.o
 .bss.xNumOfOverflows
                0x0000000020000358        0x4 build/tasks.o
 .bss.xPendingReadyList
                0x000000002000035c       0x14 build/tasks.o
 .bss.xSchedulerRunning
                0x0000000020000370        0x4 build/tasks.o
 .bss.xSuspendedTaskList
                0x0000000020000374       0x14 build/tasks.o
 .bss.xTasksWaitingTermination
                0x0000000020000388       0x14 build/tasks.o
 .bss.xTickCount
                0x000000002000039c        0x4 build/tasks.o
 .bss.xYieldPending
                0x00000000200003a0        0x4 build/tasks.o
 .bss.pxEnd     0x00000000200003a4        0x4 build/heap_4.o
 .bss.ucHeap    0x00000000200003a8      0xc00 build/heap_4.o
 .bss.xBlockAllocatedBit
                0x0000000020000fa8        0x4 build/heap_4.o
 .bss.xFreeBytesRemaining
                0x0000000020000fac        0x4 build/heap_4.o
 .bss.xMinimumEverFreeBytesRemaining
                0x0000000020000fb0        0x4 build/heap_4.o
 .bss.xStart    0x0000000020000fb4        0x8 build/heap_4.o
 *(COMMON)
 COMMON         0x0000000020000fbc        0x4 build/freertos.o
                0x0000000020000fbc                blinkHandle
 COMMON         0x0000000020000fc0       0x3c build/stm32l0xx_hal_timebase_tim.o
                0x0000000020000fc0                htim2
 COMMON         0x0000000020000ffc        0x4 build/stm32l0xx_hal.o
                0x0000000020000ffc                uwTick
                0x0000000020001000                . = ALIGN (0x4)
                0x0000000020001000                _ebss = .
                0x0000000020001000                __bss_end__ = _ebss

._user_heap_stack
                0x0000000020001000      0x600 load address 0x0000000008001d8c
                0x0000000020001000                . = ALIGN (0x8)
                [!provide]                        PROVIDE (end = .)
                [!provide]                        PROVIDE (_end = .)
                0x0000000020001200                . = (. + _Min_Heap_Size)
 *fill*         0x0000000020001000      0x200 
                0x0000000020001600                . = (. + _Min_Stack_Size)
 *fill*         0x0000000020001200      0x400 
                0x0000000020001600                . = ALIGN (0x8)

/DISCARD/
 libc.a(*)
 libm.a(*)
 libgcc.a(*)

.ARM.attributes
                0x0000000000000000       0x28
 *(.ARM.attributes)
 .ARM.attributes
                0x0000000000000000       0x1e /usr/local/gcc-arm-none-eabi-8-2019-q3-update/bin/../lib/gcc/arm-none-eabi/8.3.1/thumb/v6-m/nofp/crti.o
 .ARM.attributes
                0x000000000000001e       0x2c /usr/local/gcc-arm-none-eabi-8-2019-q3-update/bin/../lib/gcc/arm-none-eabi/8.3.1/thumb/v6-m/nofp/crtbegin.o
 .ARM.attributes
                0x000000000000004a       0x2c build/main.o
 .ARM.attributes
                0x0000000000000076       0x2c build/freertos.o
 .ARM.attributes
                0x00000000000000a2       0x2c build/stm32l0xx_it.o
 .ARM.attributes
                0x00000000000000ce       0x2c build/stm32l0xx_hal_msp.o
 .ARM.attributes
                0x00000000000000fa       0x2c build/stm32l0xx_hal_timebase_tim.o
 .ARM.attributes
                0x0000000000000126       0x2c build/stm32l0xx_hal.o
 .ARM.attributes
                0x0000000000000152       0x2c build/stm32l0xx_hal_rcc.o
 .ARM.attributes
                0x000000000000017e       0x2c build/stm32l0xx_hal_gpio.o
 .ARM.attributes
                0x00000000000001aa       0x2c build/stm32l0xx_hal_cortex.o
 .ARM.attributes
                0x00000000000001d6       0x2c build/stm32l0xx_hal_tim.o
 .ARM.attributes
                0x0000000000000202       0x2c build/system_stm32l0xx.o
 .ARM.attributes
                0x000000000000022e       0x2c build/list.o
 .ARM.attributes
                0x000000000000025a       0x2c build/tasks.o
 .ARM.attributes
                0x0000000000000286       0x2c build/cmsis_os.o
 .ARM.attributes
                0x00000000000002b2       0x2c build/heap_4.o
 .ARM.attributes
                0x00000000000002de       0x2c build/port.o
 .ARM.attributes
                0x000000000000030a       0x2c build/gpio.o
 .ARM.attributes
                0x0000000000000336       0x22 build/startup_stm32l071xx.o
 .ARM.attributes
                0x0000000000000358       0x2c /usr/local/gcc-arm-none-eabi-8-2019-q3-update/bin/../lib/gcc/arm-none-eabi/8.3.1/../../../../arm-none-eabi/lib/thumb/v6-m/nofp/libc_nano.a(lib_a-init.o)
 .ARM.attributes
                0x0000000000000384       0x2c /usr/local/gcc-arm-none-eabi-8-2019-q3-update/bin/../lib/gcc/arm-none-eabi/8.3.1/../../../../arm-none-eabi/lib/thumb/v6-m/nofp/libc_nano.a(lib_a-memset.o)
 .ARM.attributes
                0x00000000000003b0       0x1e /usr/local/gcc-arm-none-eabi-8-2019-q3-update/bin/../lib/gcc/arm-none-eabi/8.3.1/thumb/v6-m/nofp/libgcc.a(_udivsi3.o)
 .ARM.attributes
                0x00000000000003ce       0x1e /usr/local/gcc-arm-none-eabi-8-2019-q3-update/bin/../lib/gcc/arm-none-eabi/8.3.1/thumb/v6-m/nofp/libgcc.a(_dvmd_tls.o)
 .ARM.attributes
                0x00000000000003ec       0x1e /usr/local/gcc-arm-none-eabi-8-2019-q3-update/bin/../lib/gcc/arm-none-eabi/8.3.1/thumb/v6-m/nofp/crtn.o
OUTPUT(build/NixieClock.elf elf32-littlearm)

.debug_info     0x0000000000000000    0x10d5e
 .debug_info    0x0000000000000000      0xa45 build/main.o
 .debug_info    0x0000000000000a45      0x6a2 build/freertos.o
 .debug_info    0x00000000000010e7      0x72c build/stm32l0xx_it.o
 .debug_info    0x0000000000001813      0x305 build/stm32l0xx_hal_msp.o
 .debug_info    0x0000000000001b18      0xb25 build/stm32l0xx_hal_timebase_tim.o
 .debug_info    0x000000000000263d      0xaa2 build/stm32l0xx_hal.o
 .debug_info    0x00000000000030df      0xdb0 build/stm32l0xx_hal_rcc.o
 .debug_info    0x0000000000003e8f      0x858 build/stm32l0xx_hal_gpio.o
 .debug_info    0x00000000000046e7      0xb95 build/stm32l0xx_hal_cortex.o
 .debug_info    0x000000000000527c     0x38aa build/stm32l0xx_hal_tim.o
 .debug_info    0x0000000000008b26      0x47f build/system_stm32l0xx.o
 .debug_info    0x0000000000008fa5      0xc9e build/list.o
 .debug_info    0x0000000000009c43     0x2d1e build/tasks.o
 .debug_info    0x000000000000c961     0x2d60 build/cmsis_os.o
 .debug_info    0x000000000000f6c1      0xd96 build/heap_4.o
 .debug_info    0x0000000000010457      0x340 build/port.o
 .debug_info    0x0000000000010797      0x5a5 build/gpio.o
 .debug_info    0x0000000000010d3c       0x22 build/startup_stm32l071xx.o

.debug_abbrev   0x0000000000000000     0x27c4
 .debug_abbrev  0x0000000000000000      0x221 build/main.o
 .debug_abbrev  0x0000000000000221      0x1d5 build/freertos.o
 .debug_abbrev  0x00000000000003f6      0x194 build/stm32l0xx_it.o
 .debug_abbrev  0x000000000000058a       0xf7 build/stm32l0xx_hal_msp.o
 .debug_abbrev  0x0000000000000681      0x223 build/stm32l0xx_hal_timebase_tim.o
 .debug_abbrev  0x00000000000008a4      0x2ac build/stm32l0xx_hal.o
 .debug_abbrev  0x0000000000000b50      0x2c0 build/stm32l0xx_hal_rcc.o
 .debug_abbrev  0x0000000000000e10      0x23e build/stm32l0xx_hal_gpio.o
 .debug_abbrev  0x000000000000104e      0x2b4 build/stm32l0xx_hal_cortex.o
 .debug_abbrev  0x0000000000001302      0x2ad build/stm32l0xx_hal_tim.o
 .debug_abbrev  0x00000000000015af      0x14a build/system_stm32l0xx.o
 .debug_abbrev  0x00000000000016f9      0x245 build/list.o
 .debug_abbrev  0x000000000000193e      0x3be build/tasks.o
 .debug_abbrev  0x0000000000001cfc      0x41c build/cmsis_os.o
 .debug_abbrev  0x0000000000002118      0x314 build/heap_4.o
 .debug_abbrev  0x000000000000242c      0x1f6 build/port.o
 .debug_abbrev  0x0000000000002622      0x190 build/gpio.o
 .debug_abbrev  0x00000000000027b2       0x12 build/startup_stm32l071xx.o

.debug_loc      0x0000000000000000     0xa326
 .debug_loc     0x0000000000000000       0xaf build/main.o
 .debug_loc     0x00000000000000af       0x71 build/freertos.o
 .debug_loc     0x0000000000000120       0x20 build/stm32l0xx_it.o
 .debug_loc     0x0000000000000140       0xb5 build/stm32l0xx_hal_timebase_tim.o
 .debug_loc     0x00000000000001f5      0x212 build/stm32l0xx_hal.o
 .debug_loc     0x0000000000000407      0x896 build/stm32l0xx_hal_rcc.o
 .debug_loc     0x0000000000000c9d      0x432 build/stm32l0xx_hal_gpio.o
 .debug_loc     0x00000000000010cf      0x46e build/stm32l0xx_hal_cortex.o
 .debug_loc     0x000000000000153d     0x4827 build/stm32l0xx_hal_tim.o
 .debug_loc     0x0000000000005d64      0x1fe build/system_stm32l0xx.o
 .debug_loc     0x0000000000005f62       0xb3 build/list.o
 .debug_loc     0x0000000000006015     0x2381 build/tasks.o
 .debug_loc     0x0000000000008396     0x1a91 build/cmsis_os.o
 .debug_loc     0x0000000000009e27      0x374 build/heap_4.o
 .debug_loc     0x000000000000a19b      0x15e build/port.o
 .debug_loc     0x000000000000a2f9       0x2d build/gpio.o

.debug_aranges  0x0000000000000000      0xc10
 .debug_aranges
                0x0000000000000000       0x38 build/main.o
 .debug_aranges
                0x0000000000000038       0x30 build/freertos.o
 .debug_aranges
                0x0000000000000068       0x30 build/stm32l0xx_it.o
 .debug_aranges
                0x0000000000000098       0x20 build/stm32l0xx_hal_msp.o
 .debug_aranges
                0x00000000000000b8       0x30 build/stm32l0xx_hal_timebase_tim.o
 .debug_aranges
                0x00000000000000e8      0x110 build/stm32l0xx_hal.o
 .debug_aranges
                0x00000000000001f8       0x80 build/stm32l0xx_hal_rcc.o
 .debug_aranges
                0x0000000000000278       0x58 build/stm32l0xx_hal_gpio.o
 .debug_aranges
                0x00000000000002d0       0x90 build/stm32l0xx_hal_cortex.o
 .debug_aranges
                0x0000000000000360      0x3a8 build/stm32l0xx_hal_tim.o
 .debug_aranges
                0x0000000000000708       0x28 build/system_stm32l0xx.o
 .debug_aranges
                0x0000000000000730       0x40 build/list.o
 .debug_aranges
                0x0000000000000770      0x1a8 build/tasks.o
 .debug_aranges
                0x0000000000000918      0x1d8 build/cmsis_os.o
 .debug_aranges
                0x0000000000000af0       0x50 build/heap_4.o
 .debug_aranges
                0x0000000000000b40       0x88 build/port.o
 .debug_aranges
                0x0000000000000bc8       0x20 build/gpio.o
 .debug_aranges
                0x0000000000000be8       0x28 build/startup_stm32l071xx.o

.debug_ranges   0x0000000000000000      0xc28
 .debug_ranges  0x0000000000000000       0x28 build/main.o
 .debug_ranges  0x0000000000000028       0x20 build/freertos.o
 .debug_ranges  0x0000000000000048       0x20 build/stm32l0xx_it.o
 .debug_ranges  0x0000000000000068       0x10 build/stm32l0xx_hal_msp.o
 .debug_ranges  0x0000000000000078       0x20 build/stm32l0xx_hal_timebase_tim.o
 .debug_ranges  0x0000000000000098      0x100 build/stm32l0xx_hal.o
 .debug_ranges  0x0000000000000198       0xa0 build/stm32l0xx_hal_rcc.o
 .debug_ranges  0x0000000000000238       0x48 build/stm32l0xx_hal_gpio.o
 .debug_ranges  0x0000000000000280       0xc8 build/stm32l0xx_hal_cortex.o
 .debug_ranges  0x0000000000000348      0x398 build/stm32l0xx_hal_tim.o
 .debug_ranges  0x00000000000006e0       0x18 build/system_stm32l0xx.o
 .debug_ranges  0x00000000000006f8       0x30 build/list.o
 .debug_ranges  0x0000000000000728      0x250 build/tasks.o
 .debug_ranges  0x0000000000000978      0x1c8 build/cmsis_os.o
 .debug_ranges  0x0000000000000b40       0x40 build/heap_4.o
 .debug_ranges  0x0000000000000b80       0x78 build/port.o
 .debug_ranges  0x0000000000000bf8       0x10 build/gpio.o
 .debug_ranges  0x0000000000000c08       0x20 build/startup_stm32l071xx.o

.debug_line     0x0000000000000000     0xa038
 .debug_line    0x0000000000000000      0x315 build/main.o
 .debug_line    0x0000000000000315      0x2f7 build/freertos.o
 .debug_line    0x000000000000060c      0x201 build/stm32l0xx_it.o
 .debug_line    0x000000000000080d      0x191 build/stm32l0xx_hal_msp.o
 .debug_line    0x000000000000099e      0x29b build/stm32l0xx_hal_timebase_tim.o
 .debug_line    0x0000000000000c39      0x5e7 build/stm32l0xx_hal.o
 .debug_line    0x0000000000001220      0xcac build/stm32l0xx_hal_rcc.o
 .debug_line    0x0000000000001ecc      0x673 build/stm32l0xx_hal_gpio.o
 .debug_line    0x000000000000253f      0x60b build/stm32l0xx_hal_cortex.o
 .debug_line    0x0000000000002b4a     0x2faa build/stm32l0xx_hal_tim.o
 .debug_line    0x0000000000005af4      0x2ee build/system_stm32l0xx.o
 .debug_line    0x0000000000005de2      0x427 build/list.o
 .debug_line    0x0000000000006209     0x200b build/tasks.o
 .debug_line    0x0000000000008214     0x117d build/cmsis_os.o
 .debug_line    0x0000000000009391      0x60e build/heap_4.o
 .debug_line    0x000000000000999f      0x41a build/port.o
 .debug_line    0x0000000000009db9      0x207 build/gpio.o
 .debug_line    0x0000000000009fc0       0x78 build/startup_stm32l071xx.o

.debug_str      0x0000000000000000     0x41fd
 .debug_str     0x0000000000000000      0x7ab build/main.o
                                        0x839 (size before relaxing)
 .debug_str     0x00000000000007ab      0x2e6 build/freertos.o
                                        0x571 (size before relaxing)
 .debug_str     0x0000000000000a91       0x5f build/stm32l0xx_it.o
                                        0x656 (size before relaxing)
 .debug_str     0x0000000000000af0       0xc1 build/stm32l0xx_hal_msp.o
                                        0x2ff (size before relaxing)
 .debug_str     0x0000000000000bb1      0x2b9 build/stm32l0xx_hal_timebase_tim.o
                                        0x9ca (size before relaxing)
 .debug_str     0x0000000000000e6a      0x364 build/stm32l0xx_hal.o
                                        0x88f (size before relaxing)
 .debug_str     0x00000000000011ce      0x1b9 build/stm32l0xx_hal_rcc.o
                                        0x749 (size before relaxing)
 .debug_str     0x0000000000001387      0x122 build/stm32l0xx_hal_gpio.o
                                        0x50c (size before relaxing)
 .debug_str     0x00000000000014a9      0x2b8 build/stm32l0xx_hal_cortex.o
                                        0x7c0 (size before relaxing)
 .debug_str     0x0000000000001761      0xdb6 build/stm32l0xx_hal_tim.o
                                       0x149e (size before relaxing)
 .debug_str     0x0000000000002517       0x5e build/system_stm32l0xx.o
                                        0x363 (size before relaxing)
 .debug_str     0x0000000000002575      0x4fd build/list.o
                                        0x6dc (size before relaxing)
 .debug_str     0x0000000000002a72      0xb74 build/tasks.o
                                       0x1344 (size before relaxing)
 .debug_str     0x00000000000035e6      0x923 build/cmsis_os.o
                                       0x13da (size before relaxing)
 .debug_str     0x0000000000003f09      0x1de build/heap_4.o
                                        0x7a6 (size before relaxing)
 .debug_str     0x00000000000040e7       0xd2 build/port.o
                                        0x388 (size before relaxing)
 .debug_str     0x00000000000041b9       0x20 build/gpio.o
                                        0x3cf (size before relaxing)
 .debug_str     0x00000000000041d9       0x24 build/startup_stm32l071xx.o
                                         0x41 (size before relaxing)

.comment        0x0000000000000000       0x76
 .comment       0x0000000000000000       0x76 build/main.o
                                         0x77 (size before relaxing)
 .comment       0x0000000000000076       0x77 build/freertos.o
 .comment       0x0000000000000076       0x77 build/stm32l0xx_it.o
 .comment       0x0000000000000076       0x77 build/stm32l0xx_hal_msp.o
 .comment       0x0000000000000076       0x77 build/stm32l0xx_hal_timebase_tim.o
 .comment       0x0000000000000076       0x77 build/stm32l0xx_hal.o
 .comment       0x0000000000000076       0x77 build/stm32l0xx_hal_rcc.o
 .comment       0x0000000000000076       0x77 build/stm32l0xx_hal_gpio.o
 .comment       0x0000000000000076       0x77 build/stm32l0xx_hal_cortex.o
 .comment       0x0000000000000076       0x77 build/stm32l0xx_hal_tim.o
 .comment       0x0000000000000076       0x77 build/system_stm32l0xx.o
 .comment       0x0000000000000076       0x77 build/list.o
 .comment       0x0000000000000076       0x77 build/tasks.o
 .comment       0x0000000000000076       0x77 build/cmsis_os.o
 .comment       0x0000000000000076       0x77 build/heap_4.o
 .comment       0x0000000000000076       0x77 build/port.o
 .comment       0x0000000000000076       0x77 build/gpio.o

.debug_frame    0x0000000000000000     0x2118
 .debug_frame   0x0000000000000000       0x74 build/main.o
 .debug_frame   0x0000000000000074       0x5c build/freertos.o
 .debug_frame   0x00000000000000d0       0x4c build/stm32l0xx_it.o
 .debug_frame   0x000000000000011c       0x20 build/stm32l0xx_hal_msp.o
 .debug_frame   0x000000000000013c       0x4c build/stm32l0xx_hal_timebase_tim.o
 .debug_frame   0x0000000000000188      0x240 build/stm32l0xx_hal.o
 .debug_frame   0x00000000000003c8      0x168 build/stm32l0xx_hal_rcc.o
 .debug_frame   0x0000000000000530       0xd8 build/stm32l0xx_hal_gpio.o
 .debug_frame   0x0000000000000608      0x11c build/stm32l0xx_hal_cortex.o
 .debug_frame   0x0000000000000724      0xb48 build/stm32l0xx_hal_tim.o
 .debug_frame   0x000000000000126c       0x3c build/system_stm32l0xx.o
 .debug_frame   0x00000000000012a8       0x6c build/list.o
 .debug_frame   0x0000000000001314      0x598 build/tasks.o
 .debug_frame   0x00000000000018ac      0x5f8 build/cmsis_os.o
 .debug_frame   0x0000000000001ea4       0xac build/heap_4.o
 .debug_frame   0x0000000000001f50      0x124 build/port.o
 .debug_frame   0x0000000000002074       0x38 build/gpio.o
 .debug_frame   0x00000000000020ac       0x2c /usr/local/gcc-arm-none-eabi-8-2019-q3-update/bin/../lib/gcc/arm-none-eabi/8.3.1/../../../../arm-none-eabi/lib/thumb/v6-m/nofp/libc_nano.a(lib_a-init.o)
 .debug_frame   0x00000000000020d8       0x20 /usr/local/gcc-arm-none-eabi-8-2019-q3-update/bin/../lib/gcc/arm-none-eabi/8.3.1/../../../../arm-none-eabi/lib/thumb/v6-m/nofp/libc_nano.a(lib_a-memset.o)
 .debug_frame   0x00000000000020f8       0x20 /usr/local/gcc-arm-none-eabi-8-2019-q3-update/bin/../lib/gcc/arm-none-eabi/8.3.1/thumb/v6-m/nofp/libgcc.a(_udivsi3.o)

Cross Reference Table

Symbol                                            File
ADC1_COMP_IRQHandler                              build/startup_stm32l071xx.o
AHBPrescTable                                     build/system_stm32l0xx.o
                                                  build/stm32l0xx_hal_rcc.o
APBPrescTable                                     build/system_stm32l0xx.o
                                                  build/stm32l0xx_hal_rcc.o
Blink                                             build/freertos.o
DMA1_Channel1_IRQHandler                          build/startup_stm32l071xx.o
DMA1_Channel2_3_IRQHandler                        build/startup_stm32l071xx.o
DMA1_Channel4_5_6_7_IRQHandler                    build/startup_stm32l071xx.o
Default_Handler                                   build/startup_stm32l071xx.o
EXTI0_1_IRQHandler                                build/startup_stm32l071xx.o
EXTI2_3_IRQHandler                                build/startup_stm32l071xx.o
EXTI4_15_IRQHandler                               build/startup_stm32l071xx.o
Error_Handler                                     build/main.o
FLASH_IRQHandler                                  build/startup_stm32l071xx.o
FLASH_PageErase                                   build/stm32l0xx_hal_flash_ex.o
                                                  build/stm32l0xx_hal_flash.o
FLASH_WaitForLastOperation                        build/stm32l0xx_hal_flash.o
                                                  build/stm32l0xx_hal_flash_ex.o
HAL_DBGMCU_DBG_DisableLowPowerConfig              build/stm32l0xx_hal.o
HAL_DBGMCU_DBG_EnableLowPowerConfig               build/stm32l0xx_hal.o
HAL_DBGMCU_DisableDBGSleepMode                    build/stm32l0xx_hal.o
HAL_DBGMCU_DisableDBGStandbyMode                  build/stm32l0xx_hal.o
HAL_DBGMCU_DisableDBGStopMode                     build/stm32l0xx_hal.o
HAL_DBGMCU_EnableDBGSleepMode                     build/stm32l0xx_hal.o
HAL_DBGMCU_EnableDBGStandbyMode                   build/stm32l0xx_hal.o
HAL_DBGMCU_EnableDBGStopMode                      build/stm32l0xx_hal.o
HAL_DMA_Abort                                     build/stm32l0xx_hal_dma.o
HAL_DMA_Abort_IT                                  build/stm32l0xx_hal_dma.o
                                                  build/stm32l0xx_hal_tim.o
                                                  build/stm32l0xx_hal_i2c.o
HAL_DMA_DeInit                                    build/stm32l0xx_hal_dma.o
HAL_DMA_GetError                                  build/stm32l0xx_hal_dma.o
HAL_DMA_GetState                                  build/stm32l0xx_hal_dma.o
                                                  build/stm32l0xx_hal_i2c.o
HAL_DMA_IRQHandler                                build/stm32l0xx_hal_dma.o
HAL_DMA_Init                                      build/stm32l0xx_hal_dma.o
HAL_DMA_PollForTransfer                           build/stm32l0xx_hal_dma.o
HAL_DMA_RegisterCallback                          build/stm32l0xx_hal_dma.o
HAL_DMA_Start                                     build/stm32l0xx_hal_dma.o
HAL_DMA_Start_IT                                  build/stm32l0xx_hal_dma.o
                                                  build/stm32l0xx_hal_tim.o
                                                  build/stm32l0xx_hal_i2c.o
HAL_DMA_UnRegisterCallback                        build/stm32l0xx_hal_dma.o
HAL_DeInit                                        build/stm32l0xx_hal.o
HAL_Delay                                         build/stm32l0xx_hal.o
HAL_FLASHEx_AdvOBGetConfig                        build/stm32l0xx_hal_flash_ex.o
HAL_FLASHEx_AdvOBProgram                          build/stm32l0xx_hal_flash_ex.o
HAL_FLASHEx_DATAEEPROM_DisableFixedTimeProgram    build/stm32l0xx_hal_flash_ex.o
HAL_FLASHEx_DATAEEPROM_EnableFixedTimeProgram     build/stm32l0xx_hal_flash_ex.o
HAL_FLASHEx_DATAEEPROM_Erase                      build/stm32l0xx_hal_flash_ex.o
HAL_FLASHEx_DATAEEPROM_Lock                       build/stm32l0xx_hal_flash_ex.o
HAL_FLASHEx_DATAEEPROM_Program                    build/stm32l0xx_hal_flash_ex.o
HAL_FLASHEx_DATAEEPROM_Unlock                     build/stm32l0xx_hal_flash_ex.o
HAL_FLASHEx_DisableRunPowerDown                   build/stm32l0xx_hal_flash_ramfunc.o
HAL_FLASHEx_EnableRunPowerDown                    build/stm32l0xx_hal_flash_ramfunc.o
HAL_FLASHEx_Erase                                 build/stm32l0xx_hal_flash_ex.o
HAL_FLASHEx_EraseParallelPage                     build/stm32l0xx_hal_flash_ramfunc.o
HAL_FLASHEx_Erase_IT                              build/stm32l0xx_hal_flash_ex.o
HAL_FLASHEx_GetError                              build/stm32l0xx_hal_flash_ramfunc.o
HAL_FLASHEx_HalfPageProgram                       build/stm32l0xx_hal_flash_ramfunc.o
HAL_FLASHEx_OBGetConfig                           build/stm32l0xx_hal_flash_ex.o
HAL_FLASHEx_OBProgram                             build/stm32l0xx_hal_flash_ex.o
HAL_FLASHEx_OB_DeSelectPCROP                      build/stm32l0xx_hal_flash_ex.o
HAL_FLASHEx_OB_SelectPCROP                        build/stm32l0xx_hal_flash_ex.o
HAL_FLASHEx_ProgramParallelHalfPage               build/stm32l0xx_hal_flash_ramfunc.o
HAL_FLASH_EndOfOperationCallback                  build/stm32l0xx_hal_flash.o
HAL_FLASH_GetError                                build/stm32l0xx_hal_flash.o
HAL_FLASH_IRQHandler                              build/stm32l0xx_hal_flash.o
HAL_FLASH_Lock                                    build/stm32l0xx_hal_flash.o
HAL_FLASH_OB_Launch                               build/stm32l0xx_hal_flash.o
HAL_FLASH_OB_Lock                                 build/stm32l0xx_hal_flash.o
HAL_FLASH_OB_Unlock                               build/stm32l0xx_hal_flash.o
HAL_FLASH_OperationErrorCallback                  build/stm32l0xx_hal_flash.o
HAL_FLASH_Program                                 build/stm32l0xx_hal_flash.o
HAL_FLASH_Program_IT                              build/stm32l0xx_hal_flash.o
HAL_FLASH_Unlock                                  build/stm32l0xx_hal_flash.o
HAL_GPIO_DeInit                                   build/stm32l0xx_hal_gpio.o
HAL_GPIO_EXTI_Callback                            build/stm32l0xx_hal_gpio.o
HAL_GPIO_EXTI_IRQHandler                          build/stm32l0xx_hal_gpio.o
HAL_GPIO_Init                                     build/stm32l0xx_hal_gpio.o
                                                  build/gpio.o
                                                  build/stm32l0xx_hal_rcc.o
HAL_GPIO_LockPin                                  build/stm32l0xx_hal_gpio.o
HAL_GPIO_ReadPin                                  build/stm32l0xx_hal_gpio.o
HAL_GPIO_TogglePin                                build/stm32l0xx_hal_gpio.o
                                                  build/freertos.o
HAL_GPIO_WritePin                                 build/stm32l0xx_hal_gpio.o
                                                  build/gpio.o
HAL_GetDEVID                                      build/stm32l0xx_hal.o
HAL_GetHalVersion                                 build/stm32l0xx_hal.o
HAL_GetREVID                                      build/stm32l0xx_hal.o
HAL_GetTick                                       build/stm32l0xx_hal.o
                                                  build/stm32l0xx_hal_dma.o
                                                  build/stm32l0xx_hal_flash.o
                                                  build/stm32l0xx_hal_rcc_ex.o
                                                  build/stm32l0xx_hal_rcc.o
                                                  build/stm32l0xx_hal_i2c.o
HAL_GetTickFreq                                   build/stm32l0xx_hal.o
HAL_GetTickPrio                                   build/stm32l0xx_hal.o
HAL_GetUIDw0                                      build/stm32l0xx_hal.o
HAL_GetUIDw1                                      build/stm32l0xx_hal.o
HAL_GetUIDw2                                      build/stm32l0xx_hal.o
HAL_I2CEx_ConfigAnalogFilter                      build/stm32l0xx_hal_i2c_ex.o
HAL_I2CEx_ConfigDigitalFilter                     build/stm32l0xx_hal_i2c_ex.o
HAL_I2CEx_DisableFastModePlus                     build/stm32l0xx_hal_i2c_ex.o
HAL_I2CEx_DisableWakeUp                           build/stm32l0xx_hal_i2c_ex.o
HAL_I2CEx_EnableFastModePlus                      build/stm32l0xx_hal_i2c_ex.o
HAL_I2CEx_EnableWakeUp                            build/stm32l0xx_hal_i2c_ex.o
HAL_I2C_AbortCpltCallback                         build/stm32l0xx_hal_i2c.o
HAL_I2C_AddrCallback                              build/stm32l0xx_hal_i2c.o
HAL_I2C_DeInit                                    build/stm32l0xx_hal_i2c.o
HAL_I2C_DisableListen_IT                          build/stm32l0xx_hal_i2c.o
HAL_I2C_ER_IRQHandler                             build/stm32l0xx_hal_i2c.o
HAL_I2C_EV_IRQHandler                             build/stm32l0xx_hal_i2c.o
HAL_I2C_EnableListen_IT                           build/stm32l0xx_hal_i2c.o
HAL_I2C_ErrorCallback                             build/stm32l0xx_hal_i2c.o
HAL_I2C_GetError                                  build/stm32l0xx_hal_i2c.o
HAL_I2C_GetMode                                   build/stm32l0xx_hal_i2c.o
HAL_I2C_GetState                                  build/stm32l0xx_hal_i2c.o
HAL_I2C_Init                                      build/stm32l0xx_hal_i2c.o
HAL_I2C_IsDeviceReady                             build/stm32l0xx_hal_i2c.o
HAL_I2C_ListenCpltCallback                        build/stm32l0xx_hal_i2c.o
HAL_I2C_MasterRxCpltCallback                      build/stm32l0xx_hal_i2c.o
HAL_I2C_MasterTxCpltCallback                      build/stm32l0xx_hal_i2c.o
HAL_I2C_Master_Abort_IT                           build/stm32l0xx_hal_i2c.o
HAL_I2C_Master_Receive                            build/stm32l0xx_hal_i2c.o
HAL_I2C_Master_Receive_DMA                        build/stm32l0xx_hal_i2c.o
HAL_I2C_Master_Receive_IT                         build/stm32l0xx_hal_i2c.o
HAL_I2C_Master_Seq_Receive_DMA                    build/stm32l0xx_hal_i2c.o
HAL_I2C_Master_Seq_Receive_IT                     build/stm32l0xx_hal_i2c.o
HAL_I2C_Master_Seq_Transmit_DMA                   build/stm32l0xx_hal_i2c.o
HAL_I2C_Master_Seq_Transmit_IT                    build/stm32l0xx_hal_i2c.o
HAL_I2C_Master_Transmit                           build/stm32l0xx_hal_i2c.o
HAL_I2C_Master_Transmit_DMA                       build/stm32l0xx_hal_i2c.o
HAL_I2C_Master_Transmit_IT                        build/stm32l0xx_hal_i2c.o
HAL_I2C_MemRxCpltCallback                         build/stm32l0xx_hal_i2c.o
HAL_I2C_MemTxCpltCallback                         build/stm32l0xx_hal_i2c.o
HAL_I2C_Mem_Read                                  build/stm32l0xx_hal_i2c.o
HAL_I2C_Mem_Read_DMA                              build/stm32l0xx_hal_i2c.o
HAL_I2C_Mem_Read_IT                               build/stm32l0xx_hal_i2c.o
HAL_I2C_Mem_Write                                 build/stm32l0xx_hal_i2c.o
HAL_I2C_Mem_Write_DMA                             build/stm32l0xx_hal_i2c.o
HAL_I2C_Mem_Write_IT                              build/stm32l0xx_hal_i2c.o
HAL_I2C_MspDeInit                                 build/stm32l0xx_hal_i2c.o
HAL_I2C_MspInit                                   build/stm32l0xx_hal_i2c.o
HAL_I2C_SlaveRxCpltCallback                       build/stm32l0xx_hal_i2c.o
HAL_I2C_SlaveTxCpltCallback                       build/stm32l0xx_hal_i2c.o
HAL_I2C_Slave_Receive                             build/stm32l0xx_hal_i2c.o
HAL_I2C_Slave_Receive_DMA                         build/stm32l0xx_hal_i2c.o
HAL_I2C_Slave_Receive_IT                          build/stm32l0xx_hal_i2c.o
HAL_I2C_Slave_Seq_Receive_DMA                     build/stm32l0xx_hal_i2c.o
HAL_I2C_Slave_Seq_Receive_IT                      build/stm32l0xx_hal_i2c.o
HAL_I2C_Slave_Seq_Transmit_DMA                    build/stm32l0xx_hal_i2c.o
HAL_I2C_Slave_Seq_Transmit_IT                     build/stm32l0xx_hal_i2c.o
HAL_I2C_Slave_Transmit                            build/stm32l0xx_hal_i2c.o
HAL_I2C_Slave_Transmit_DMA                        build/stm32l0xx_hal_i2c.o
HAL_I2C_Slave_Transmit_IT                         build/stm32l0xx_hal_i2c.o
HAL_IncTick                                       build/stm32l0xx_hal.o
                                                  build/main.o
HAL_Init                                          build/stm32l0xx_hal.o
                                                  build/main.o
HAL_InitTick                                      build/stm32l0xx_hal_timebase_tim.o
                                                  build/stm32l0xx_hal_rcc.o
HAL_MPU_ConfigRegion                              build/stm32l0xx_hal_cortex.o
HAL_MPU_Disable                                   build/stm32l0xx_hal_cortex.o
HAL_MPU_Enable                                    build/stm32l0xx_hal_cortex.o
HAL_MspDeInit                                     build/stm32l0xx_hal.o
HAL_MspInit                                       build/stm32l0xx_hal_msp.o
HAL_NVIC_ClearPendingIRQ                          build/stm32l0xx_hal_cortex.o
HAL_NVIC_DisableIRQ                               build/stm32l0xx_hal_cortex.o
HAL_NVIC_EnableIRQ                                build/stm32l0xx_hal_cortex.o
                                                  build/stm32l0xx_hal_timebase_tim.o
HAL_NVIC_GetPendingIRQ                            build/stm32l0xx_hal_cortex.o
HAL_NVIC_GetPriority                              build/stm32l0xx_hal_cortex.o
HAL_NVIC_SetPendingIRQ                            build/stm32l0xx_hal_cortex.o
HAL_NVIC_SetPriority                              build/stm32l0xx_hal_cortex.o
                                                  build/stm32l0xx_hal.o
                                                  build/stm32l0xx_hal_timebase_tim.o
HAL_NVIC_SystemReset                              build/stm32l0xx_hal_cortex.o
HAL_PWREx_DisableFastWakeUp                       build/stm32l0xx_hal_pwr_ex.o
HAL_PWREx_DisableLowPowerRunMode                  build/stm32l0xx_hal_pwr_ex.o
HAL_PWREx_DisableUltraLowPower                    build/stm32l0xx_hal_pwr_ex.o
HAL_PWREx_EnableFastWakeUp                        build/stm32l0xx_hal_pwr_ex.o
HAL_PWREx_EnableLowPowerRunMode                   build/stm32l0xx_hal_pwr_ex.o
HAL_PWREx_EnableUltraLowPower                     build/stm32l0xx_hal_pwr_ex.o
HAL_PWREx_GetVoltageRange                         build/stm32l0xx_hal_pwr_ex.o
HAL_PWR_ConfigPVD                                 build/stm32l0xx_hal_pwr.o
HAL_PWR_DeInit                                    build/stm32l0xx_hal_pwr.o
HAL_PWR_DisableBkUpAccess                         build/stm32l0xx_hal_pwr.o
HAL_PWR_DisablePVD                                build/stm32l0xx_hal_pwr.o
HAL_PWR_DisableSEVOnPend                          build/stm32l0xx_hal_pwr.o
HAL_PWR_DisableSleepOnExit                        build/stm32l0xx_hal_pwr.o
HAL_PWR_DisableWakeUpPin                          build/stm32l0xx_hal_pwr.o
HAL_PWR_EnableBkUpAccess                          build/stm32l0xx_hal_pwr.o
HAL_PWR_EnablePVD                                 build/stm32l0xx_hal_pwr.o
HAL_PWR_EnableSEVOnPend                           build/stm32l0xx_hal_pwr.o
HAL_PWR_EnableSleepOnExit                         build/stm32l0xx_hal_pwr.o
HAL_PWR_EnableWakeUpPin                           build/stm32l0xx_hal_pwr.o
HAL_PWR_EnterSLEEPMode                            build/stm32l0xx_hal_pwr.o
HAL_PWR_EnterSTANDBYMode                          build/stm32l0xx_hal_pwr.o
HAL_PWR_EnterSTOPMode                             build/stm32l0xx_hal_pwr.o
HAL_PWR_PVDCallback                               build/stm32l0xx_hal_pwr.o
HAL_PWR_PVD_IRQHandler                            build/stm32l0xx_hal_pwr.o
HAL_RCCEx_DisableLSECSS                           build/stm32l0xx_hal_rcc_ex.o
HAL_RCCEx_EnableLSECSS                            build/stm32l0xx_hal_rcc_ex.o
HAL_RCCEx_EnableLSECSS_IT                         build/stm32l0xx_hal_rcc_ex.o
HAL_RCCEx_GetPeriphCLKConfig                      build/stm32l0xx_hal_rcc_ex.o
HAL_RCCEx_GetPeriphCLKFreq                        build/stm32l0xx_hal_rcc_ex.o
HAL_RCCEx_LSECSS_Callback                         build/stm32l0xx_hal_rcc_ex.o
HAL_RCCEx_LSECSS_IRQHandler                       build/stm32l0xx_hal_rcc_ex.o
HAL_RCCEx_PeriphCLKConfig                         build/stm32l0xx_hal_rcc_ex.o
HAL_RCC_CSSCallback                               build/stm32l0xx_hal_rcc.o
HAL_RCC_ClockConfig                               build/stm32l0xx_hal_rcc.o
                                                  build/main.o
HAL_RCC_DeInit                                    build/stm32l0xx_hal_rcc.o
HAL_RCC_EnableCSS                                 build/stm32l0xx_hal_rcc.o
HAL_RCC_GetClockConfig                            build/stm32l0xx_hal_rcc.o
                                                  build/stm32l0xx_hal_timebase_tim.o
HAL_RCC_GetHCLKFreq                               build/stm32l0xx_hal_rcc.o
HAL_RCC_GetOscConfig                              build/stm32l0xx_hal_rcc.o
HAL_RCC_GetPCLK1Freq                              build/stm32l0xx_hal_rcc.o
                                                  build/stm32l0xx_hal_rcc_ex.o
                                                  build/stm32l0xx_hal_timebase_tim.o
HAL_RCC_GetPCLK2Freq                              build/stm32l0xx_hal_rcc.o
                                                  build/stm32l0xx_hal_rcc_ex.o
HAL_RCC_GetSysClockFreq                           build/stm32l0xx_hal_rcc.o
                                                  build/stm32l0xx_hal_rcc_ex.o
HAL_RCC_MCOConfig                                 build/stm32l0xx_hal_rcc.o
HAL_RCC_NMI_IRQHandler                            build/stm32l0xx_hal_rcc.o
HAL_RCC_OscConfig                                 build/stm32l0xx_hal_rcc.o
                                                  build/main.o
HAL_ResumeTick                                    build/stm32l0xx_hal_timebase_tim.o
HAL_SYSCFG_Disable_Lock_VREFINT                   build/stm32l0xx_hal.o
HAL_SYSCFG_Enable_Lock_VREFINT                    build/stm32l0xx_hal.o
HAL_SYSCFG_GetBootMode                            build/stm32l0xx_hal.o
HAL_SYSCFG_VREFINT_OutputSelect                   build/stm32l0xx_hal.o
HAL_SYSTICK_CLKSourceConfig                       build/stm32l0xx_hal_cortex.o
HAL_SYSTICK_Callback                              build/stm32l0xx_hal_cortex.o
HAL_SYSTICK_Config                                build/stm32l0xx_hal_cortex.o
                                                  build/stm32l0xx_hal.o
HAL_SYSTICK_IRQHandler                            build/stm32l0xx_hal_cortex.o
HAL_SetTickFreq                                   build/stm32l0xx_hal.o
HAL_SuspendTick                                   build/stm32l0xx_hal_timebase_tim.o
HAL_TIMEx_MasterConfigSynchronization             build/stm32l0xx_hal_tim_ex.o
HAL_TIMEx_RemapConfig                             build/stm32l0xx_hal_tim_ex.o
HAL_TIM_Base_DeInit                               build/stm32l0xx_hal_tim.o
HAL_TIM_Base_GetState                             build/stm32l0xx_hal_tim.o
HAL_TIM_Base_Init                                 build/stm32l0xx_hal_tim.o
                                                  build/stm32l0xx_hal_timebase_tim.o
HAL_TIM_Base_MspDeInit                            build/stm32l0xx_hal_tim.o
HAL_TIM_Base_MspInit                              build/stm32l0xx_hal_tim.o
HAL_TIM_Base_Start                                build/stm32l0xx_hal_tim.o
HAL_TIM_Base_Start_DMA                            build/stm32l0xx_hal_tim.o
HAL_TIM_Base_Start_IT                             build/stm32l0xx_hal_tim.o
                                                  build/stm32l0xx_hal_timebase_tim.o
HAL_TIM_Base_Stop                                 build/stm32l0xx_hal_tim.o
HAL_TIM_Base_Stop_DMA                             build/stm32l0xx_hal_tim.o
HAL_TIM_Base_Stop_IT                              build/stm32l0xx_hal_tim.o
HAL_TIM_ConfigClockSource                         build/stm32l0xx_hal_tim.o
HAL_TIM_ConfigOCrefClear                          build/stm32l0xx_hal_tim.o
HAL_TIM_ConfigTI1Input                            build/stm32l0xx_hal_tim.o
HAL_TIM_DMABurst_ReadStart                        build/stm32l0xx_hal_tim.o
HAL_TIM_DMABurst_ReadStop                         build/stm32l0xx_hal_tim.o
HAL_TIM_DMABurst_WriteStart                       build/stm32l0xx_hal_tim.o
HAL_TIM_DMABurst_WriteStop                        build/stm32l0xx_hal_tim.o
HAL_TIM_Encoder_DeInit                            build/stm32l0xx_hal_tim.o
HAL_TIM_Encoder_GetState                          build/stm32l0xx_hal_tim.o
HAL_TIM_Encoder_Init                              build/stm32l0xx_hal_tim.o
HAL_TIM_Encoder_MspDeInit                         build/stm32l0xx_hal_tim.o
HAL_TIM_Encoder_MspInit                           build/stm32l0xx_hal_tim.o
HAL_TIM_Encoder_Start                             build/stm32l0xx_hal_tim.o
HAL_TIM_Encoder_Start_DMA                         build/stm32l0xx_hal_tim.o
HAL_TIM_Encoder_Start_IT                          build/stm32l0xx_hal_tim.o
HAL_TIM_Encoder_Stop                              build/stm32l0xx_hal_tim.o
HAL_TIM_Encoder_Stop_DMA                          build/stm32l0xx_hal_tim.o
HAL_TIM_Encoder_Stop_IT                           build/stm32l0xx_hal_tim.o
HAL_TIM_ErrorCallback                             build/stm32l0xx_hal_tim.o
HAL_TIM_GenerateEvent                             build/stm32l0xx_hal_tim.o
HAL_TIM_IC_CaptureCallback                        build/stm32l0xx_hal_tim.o
HAL_TIM_IC_CaptureHalfCpltCallback                build/stm32l0xx_hal_tim.o
HAL_TIM_IC_ConfigChannel                          build/stm32l0xx_hal_tim.o
HAL_TIM_IC_DeInit                                 build/stm32l0xx_hal_tim.o
HAL_TIM_IC_GetState                               build/stm32l0xx_hal_tim.o
HAL_TIM_IC_Init                                   build/stm32l0xx_hal_tim.o
HAL_TIM_IC_MspDeInit                              build/stm32l0xx_hal_tim.o
HAL_TIM_IC_MspInit                                build/stm32l0xx_hal_tim.o
HAL_TIM_IC_Start                                  build/stm32l0xx_hal_tim.o
HAL_TIM_IC_Start_DMA                              build/stm32l0xx_hal_tim.o
HAL_TIM_IC_Start_IT                               build/stm32l0xx_hal_tim.o
HAL_TIM_IC_Stop                                   build/stm32l0xx_hal_tim.o
HAL_TIM_IC_Stop_DMA                               build/stm32l0xx_hal_tim.o
HAL_TIM_IC_Stop_IT                                build/stm32l0xx_hal_tim.o
HAL_TIM_IRQHandler                                build/stm32l0xx_hal_tim.o
                                                  build/stm32l0xx_it.o
HAL_TIM_OC_ConfigChannel                          build/stm32l0xx_hal_tim.o
HAL_TIM_OC_DeInit                                 build/stm32l0xx_hal_tim.o
HAL_TIM_OC_DelayElapsedCallback                   build/stm32l0xx_hal_tim.o
HAL_TIM_OC_GetState                               build/stm32l0xx_hal_tim.o
HAL_TIM_OC_Init                                   build/stm32l0xx_hal_tim.o
HAL_TIM_OC_MspDeInit                              build/stm32l0xx_hal_tim.o
HAL_TIM_OC_MspInit                                build/stm32l0xx_hal_tim.o
HAL_TIM_OC_Start                                  build/stm32l0xx_hal_tim.o
HAL_TIM_OC_Start_DMA                              build/stm32l0xx_hal_tim.o
HAL_TIM_OC_Start_IT                               build/stm32l0xx_hal_tim.o
HAL_TIM_OC_Stop                                   build/stm32l0xx_hal_tim.o
HAL_TIM_OC_Stop_DMA                               build/stm32l0xx_hal_tim.o
HAL_TIM_OC_Stop_IT                                build/stm32l0xx_hal_tim.o
HAL_TIM_OnePulse_ConfigChannel                    build/stm32l0xx_hal_tim.o
HAL_TIM_OnePulse_DeInit                           build/stm32l0xx_hal_tim.o
HAL_TIM_OnePulse_GetState                         build/stm32l0xx_hal_tim.o
HAL_TIM_OnePulse_Init                             build/stm32l0xx_hal_tim.o
HAL_TIM_OnePulse_MspDeInit                        build/stm32l0xx_hal_tim.o
HAL_TIM_OnePulse_MspInit                          build/stm32l0xx_hal_tim.o
HAL_TIM_OnePulse_Start                            build/stm32l0xx_hal_tim.o
HAL_TIM_OnePulse_Start_IT                         build/stm32l0xx_hal_tim.o
HAL_TIM_OnePulse_Stop                             build/stm32l0xx_hal_tim.o
HAL_TIM_OnePulse_Stop_IT                          build/stm32l0xx_hal_tim.o
HAL_TIM_PWM_ConfigChannel                         build/stm32l0xx_hal_tim.o
HAL_TIM_PWM_DeInit                                build/stm32l0xx_hal_tim.o
HAL_TIM_PWM_GetState                              build/stm32l0xx_hal_tim.o
HAL_TIM_PWM_Init                                  build/stm32l0xx_hal_tim.o
HAL_TIM_PWM_MspDeInit                             build/stm32l0xx_hal_tim.o
HAL_TIM_PWM_MspInit                               build/stm32l0xx_hal_tim.o
HAL_TIM_PWM_PulseFinishedCallback                 build/stm32l0xx_hal_tim.o
HAL_TIM_PWM_PulseFinishedHalfCpltCallback         build/stm32l0xx_hal_tim.o
HAL_TIM_PWM_Start                                 build/stm32l0xx_hal_tim.o
HAL_TIM_PWM_Start_DMA                             build/stm32l0xx_hal_tim.o
HAL_TIM_PWM_Start_IT                              build/stm32l0xx_hal_tim.o
HAL_TIM_PWM_Stop                                  build/stm32l0xx_hal_tim.o
HAL_TIM_PWM_Stop_DMA                              build/stm32l0xx_hal_tim.o
HAL_TIM_PWM_Stop_IT                               build/stm32l0xx_hal_tim.o
HAL_TIM_PeriodElapsedCallback                     build/main.o
HAL_TIM_PeriodElapsedHalfCpltCallback             build/stm32l0xx_hal_tim.o
HAL_TIM_ReadCapturedValue                         build/stm32l0xx_hal_tim.o
HAL_TIM_SlaveConfigSynchro                        build/stm32l0xx_hal_tim.o
HAL_TIM_SlaveConfigSynchro_IT                     build/stm32l0xx_hal_tim.o
HAL_TIM_TriggerCallback                           build/stm32l0xx_hal_tim.o
HAL_TIM_TriggerHalfCpltCallback                   build/stm32l0xx_hal_tim.o
HardFault_Handler                                 build/stm32l0xx_it.o
I2C1_IRQHandler                                   build/startup_stm32l071xx.o
I2C2_IRQHandler                                   build/startup_stm32l071xx.o
I2C3_IRQHandler                                   build/startup_stm32l071xx.o
LPTIM1_IRQHandler                                 build/startup_stm32l071xx.o
LPUART1_IRQHandler                                build/startup_stm32l071xx.o
MX_FREERTOS_Init                                  build/freertos.o
                                                  build/main.o
MX_GPIO_Init                                      build/gpio.o
                                                  build/main.o
NMI_Handler                                       build/stm32l0xx_it.o
PLLMulTable                                       build/system_stm32l0xx.o
                                                  build/stm32l0xx_hal_rcc.o
PVD_IRQHandler                                    build/startup_stm32l071xx.o
PendSV_Handler                                    build/port.o
RCC_IRQHandler                                    build/startup_stm32l071xx.o
RTC_IRQHandler                                    build/startup_stm32l071xx.o
Reset_Handler                                     build/startup_stm32l071xx.o
SPI1_IRQHandler                                   build/startup_stm32l071xx.o
SPI2_IRQHandler                                   build/startup_stm32l071xx.o
SVC_Handler                                       build/port.o
SysTick_Handler                                   build/port.o
                                                  build/cmsis_os.o
SystemClock_Config                                build/main.o
SystemCoreClock                                   build/system_stm32l0xx.o
                                                  build/port.o
                                                  build/stm32l0xx_hal_pwr_ex.o
                                                  build/stm32l0xx_hal_rcc.o
                                                  build/stm32l0xx_hal.o
SystemCoreClockUpdate                             build/system_stm32l0xx.o
SystemInit                                        build/system_stm32l0xx.o
                                                  build/startup_stm32l071xx.o
TIM21_IRQHandler                                  build/startup_stm32l071xx.o
TIM22_IRQHandler                                  build/startup_stm32l071xx.o
TIM2_IRQHandler                                   build/stm32l0xx_it.o
TIM3_IRQHandler                                   build/startup_stm32l071xx.o
TIM6_IRQHandler                                   build/startup_stm32l071xx.o
TIM7_IRQHandler                                   build/startup_stm32l071xx.o
TIM_DMACaptureCplt                                build/stm32l0xx_hal_tim.o
TIM_DMACaptureHalfCplt                            build/stm32l0xx_hal_tim.o
TIM_DMADelayPulseCplt                             build/stm32l0xx_hal_tim.o
TIM_DMADelayPulseHalfCplt                         build/stm32l0xx_hal_tim.o
TIM_DMAError                                      build/stm32l0xx_hal_tim.o
USART1_IRQHandler                                 build/startup_stm32l071xx.o
USART2_IRQHandler                                 build/startup_stm32l071xx.o
USART4_5_IRQHandler                               build/startup_stm32l071xx.o
WWDG_IRQHandler                                   build/startup_stm32l071xx.o
__aeabi_idiv0                                     /usr/local/gcc-arm-none-eabi-8-2019-q3-update/bin/../lib/gcc/arm-none-eabi/8.3.1/thumb/v6-m/nofp/libgcc.a(_dvmd_tls.o)
                                                  /usr/local/gcc-arm-none-eabi-8-2019-q3-update/bin/../lib/gcc/arm-none-eabi/8.3.1/thumb/v6-m/nofp/libgcc.a(_udivsi3.o)
__aeabi_ldiv0                                     /usr/local/gcc-arm-none-eabi-8-2019-q3-update/bin/../lib/gcc/arm-none-eabi/8.3.1/thumb/v6-m/nofp/libgcc.a(_dvmd_tls.o)
__aeabi_uidiv                                     /usr/local/gcc-arm-none-eabi-8-2019-q3-update/bin/../lib/gcc/arm-none-eabi/8.3.1/thumb/v6-m/nofp/libgcc.a(_udivsi3.o)
                                                  build/port.o
                                                  build/cmsis_os.o
                                                  build/system_stm32l0xx.o
                                                  build/stm32l0xx_hal_pwr_ex.o
                                                  build/stm32l0xx_hal_dma.o
                                                  build/stm32l0xx_hal_rcc.o
                                                  build/stm32l0xx_hal.o
                                                  build/stm32l0xx_hal_timebase_tim.o
__aeabi_uidivmod                                  /usr/local/gcc-arm-none-eabi-8-2019-q3-update/bin/../lib/gcc/arm-none-eabi/8.3.1/thumb/v6-m/nofp/libgcc.a(_udivsi3.o)
                                                  build/cmsis_os.o
__bss_end__                                       /usr/local/gcc-arm-none-eabi-8-2019-q3-update/bin/../lib/gcc/arm-none-eabi/8.3.1/../../../../arm-none-eabi/lib/thumb/v6-m/nofp/crt0.o
__bss_start__                                     /usr/local/gcc-arm-none-eabi-8-2019-q3-update/bin/../lib/gcc/arm-none-eabi/8.3.1/../../../../arm-none-eabi/lib/thumb/v6-m/nofp/crt0.o
__call_exitprocs                                  /usr/local/gcc-arm-none-eabi-8-2019-q3-update/bin/../lib/gcc/arm-none-eabi/8.3.1/../../../../arm-none-eabi/lib/thumb/v6-m/nofp/libc_nano.a(lib_a-exit.o)
__deregister_frame_info                           /usr/local/gcc-arm-none-eabi-8-2019-q3-update/bin/../lib/gcc/arm-none-eabi/8.3.1/thumb/v6-m/nofp/crtbegin.o
__dso_handle                                      /usr/local/gcc-arm-none-eabi-8-2019-q3-update/bin/../lib/gcc/arm-none-eabi/8.3.1/thumb/v6-m/nofp/crtbegin.o
__init_array_end                                  /usr/local/gcc-arm-none-eabi-8-2019-q3-update/bin/../lib/gcc/arm-none-eabi/8.3.1/../../../../arm-none-eabi/lib/thumb/v6-m/nofp/libc_nano.a(lib_a-init.o)
__init_array_start                                /usr/local/gcc-arm-none-eabi-8-2019-q3-update/bin/../lib/gcc/arm-none-eabi/8.3.1/../../../../arm-none-eabi/lib/thumb/v6-m/nofp/libc_nano.a(lib_a-init.o)
__libc_fini_array                                 /usr/local/gcc-arm-none-eabi-8-2019-q3-update/bin/../lib/gcc/arm-none-eabi/8.3.1/../../../../arm-none-eabi/lib/thumb/v6-m/nofp/crt0.o
__libc_init_array                                 /usr/local/gcc-arm-none-eabi-8-2019-q3-update/bin/../lib/gcc/arm-none-eabi/8.3.1/../../../../arm-none-eabi/lib/thumb/v6-m/nofp/libc_nano.a(lib_a-init.o)
                                                  build/startup_stm32l071xx.o
                                                  /usr/local/gcc-arm-none-eabi-8-2019-q3-update/bin/../lib/gcc/arm-none-eabi/8.3.1/../../../../arm-none-eabi/lib/thumb/v6-m/nofp/crt0.o
__preinit_array_end                               /usr/local/gcc-arm-none-eabi-8-2019-q3-update/bin/../lib/gcc/arm-none-eabi/8.3.1/../../../../arm-none-eabi/lib/thumb/v6-m/nofp/libc_nano.a(lib_a-init.o)
__preinit_array_start                             /usr/local/gcc-arm-none-eabi-8-2019-q3-update/bin/../lib/gcc/arm-none-eabi/8.3.1/../../../../arm-none-eabi/lib/thumb/v6-m/nofp/libc_nano.a(lib_a-init.o)
__register_frame_info                             /usr/local/gcc-arm-none-eabi-8-2019-q3-update/bin/../lib/gcc/arm-none-eabi/8.3.1/thumb/v6-m/nofp/crtbegin.o
__sf_fake_stderr                                  /usr/local/gcc-arm-none-eabi-8-2019-q3-update/bin/../lib/gcc/arm-none-eabi/8.3.1/../../../../arm-none-eabi/lib/thumb/v6-m/nofp/libc_nano.a(lib_a-impure.o)
__sf_fake_stdin                                   /usr/local/gcc-arm-none-eabi-8-2019-q3-update/bin/../lib/gcc/arm-none-eabi/8.3.1/../../../../arm-none-eabi/lib/thumb/v6-m/nofp/libc_nano.a(lib_a-impure.o)
__sf_fake_stdout                                  /usr/local/gcc-arm-none-eabi-8-2019-q3-update/bin/../lib/gcc/arm-none-eabi/8.3.1/../../../../arm-none-eabi/lib/thumb/v6-m/nofp/libc_nano.a(lib_a-impure.o)
__stack                                           /usr/local/gcc-arm-none-eabi-8-2019-q3-update/bin/../lib/gcc/arm-none-eabi/8.3.1/../../../../arm-none-eabi/lib/thumb/v6-m/nofp/crt0.o
__udivsi3                                         /usr/local/gcc-arm-none-eabi-8-2019-q3-update/bin/../lib/gcc/arm-none-eabi/8.3.1/thumb/v6-m/nofp/libgcc.a(_udivsi3.o)
_ebss                                             build/startup_stm32l071xx.o
_edata                                            build/startup_stm32l071xx.o
_estack                                           build/startup_stm32l071xx.o
_exit                                             /usr/local/gcc-arm-none-eabi-8-2019-q3-update/bin/../lib/gcc/arm-none-eabi/8.3.1/../../../../arm-none-eabi/lib/thumb/v6-m/nofp/libnosys.a(_exit.o)
                                                  /usr/local/gcc-arm-none-eabi-8-2019-q3-update/bin/../lib/gcc/arm-none-eabi/8.3.1/../../../../arm-none-eabi/lib/thumb/v6-m/nofp/libc_nano.a(lib_a-exit.o)
_fini                                             /usr/local/gcc-arm-none-eabi-8-2019-q3-update/bin/../lib/gcc/arm-none-eabi/8.3.1/thumb/v6-m/nofp/crti.o
_global_impure_ptr                                /usr/local/gcc-arm-none-eabi-8-2019-q3-update/bin/../lib/gcc/arm-none-eabi/8.3.1/../../../../arm-none-eabi/lib/thumb/v6-m/nofp/libc_nano.a(lib_a-impure.o)
                                                  /usr/local/gcc-arm-none-eabi-8-2019-q3-update/bin/../lib/gcc/arm-none-eabi/8.3.1/../../../../arm-none-eabi/lib/thumb/v6-m/nofp/libc_nano.a(lib_a-exit.o)
_impure_ptr                                       /usr/local/gcc-arm-none-eabi-8-2019-q3-update/bin/../lib/gcc/arm-none-eabi/8.3.1/../../../../arm-none-eabi/lib/thumb/v6-m/nofp/libc_nano.a(lib_a-impure.o)
_init                                             /usr/local/gcc-arm-none-eabi-8-2019-q3-update/bin/../lib/gcc/arm-none-eabi/8.3.1/thumb/v6-m/nofp/crti.o
                                                  /usr/local/gcc-arm-none-eabi-8-2019-q3-update/bin/../lib/gcc/arm-none-eabi/8.3.1/../../../../arm-none-eabi/lib/thumb/v6-m/nofp/libc_nano.a(lib_a-init.o)
_mainCRTStartup                                   /usr/local/gcc-arm-none-eabi-8-2019-q3-update/bin/../lib/gcc/arm-none-eabi/8.3.1/../../../../arm-none-eabi/lib/thumb/v6-m/nofp/crt0.o
_sbss                                             build/startup_stm32l071xx.o
_sdata                                            build/startup_stm32l071xx.o
_sidata                                           build/startup_stm32l071xx.o
_start                                            /usr/local/gcc-arm-none-eabi-8-2019-q3-update/bin/../lib/gcc/arm-none-eabi/8.3.1/../../../../arm-none-eabi/lib/thumb/v6-m/nofp/crt0.o
atexit                                            /usr/local/gcc-arm-none-eabi-8-2019-q3-update/bin/../lib/gcc/arm-none-eabi/8.3.1/../../../../arm-none-eabi/lib/thumb/v6-m/nofp/crt0.o
blinkHandle                                       build/freertos.o
exit                                              /usr/local/gcc-arm-none-eabi-8-2019-q3-update/bin/../lib/gcc/arm-none-eabi/8.3.1/../../../../arm-none-eabi/lib/thumb/v6-m/nofp/libc_nano.a(lib_a-exit.o)
                                                  /usr/local/gcc-arm-none-eabi-8-2019-q3-update/bin/../lib/gcc/arm-none-eabi/8.3.1/../../../../arm-none-eabi/lib/thumb/v6-m/nofp/crt0.o
g_pfnVectors                                      build/startup_stm32l071xx.o
hardware_init_hook                                /usr/local/gcc-arm-none-eabi-8-2019-q3-update/bin/../lib/gcc/arm-none-eabi/8.3.1/../../../../arm-none-eabi/lib/thumb/v6-m/nofp/crt0.o
htim2                                             build/stm32l0xx_hal_timebase_tim.o
                                                  build/stm32l0xx_it.o
main                                              build/main.o
                                                  build/startup_stm32l071xx.o
                                                  /usr/local/gcc-arm-none-eabi-8-2019-q3-update/bin/../lib/gcc/arm-none-eabi/8.3.1/../../../../arm-none-eabi/lib/thumb/v6-m/nofp/crt0.o
memcpy                                            /usr/local/gcc-arm-none-eabi-8-2019-q3-update/bin/../lib/gcc/arm-none-eabi/8.3.1/../../../../arm-none-eabi/lib/thumb/v6-m/nofp/libc_nano.a(lib_a-memcpy-stub.o)
                                                  build/stream_buffer.o
                                                  build/queue.o
memset                                            /usr/local/gcc-arm-none-eabi-8-2019-q3-update/bin/../lib/gcc/arm-none-eabi/8.3.1/../../../../arm-none-eabi/lib/thumb/v6-m/nofp/libc_nano.a(lib_a-memset.o)
                                                  build/gpio.o
                                                  build/cmsis_os.o
                                                  build/stream_buffer.o
                                                  build/stm32l0xx_hal_rcc.o
                                                  build/main.o
                                                  /usr/local/gcc-arm-none-eabi-8-2019-q3-update/bin/../lib/gcc/arm-none-eabi/8.3.1/../../../../arm-none-eabi/lib/thumb/v6-m/nofp/crt0.o
osAbortDelay                                      build/cmsis_os.o
osDelay                                           build/cmsis_os.o
                                                  build/freertos.o
osDelayUntil                                      build/cmsis_os.o
osKernelRunning                                   build/cmsis_os.o
osKernelStart                                     build/cmsis_os.o
                                                  build/main.o
osKernelSysTick                                   build/cmsis_os.o
osMailAlloc                                       build/cmsis_os.o
osMailCAlloc                                      build/cmsis_os.o
osMailCreate                                      build/cmsis_os.o
osMailFree                                        build/cmsis_os.o
osMailGet                                         build/cmsis_os.o
osMailPut                                         build/cmsis_os.o
osMessageAvailableSpace                           build/cmsis_os.o
osMessageCreate                                   build/cmsis_os.o
osMessageDelete                                   build/cmsis_os.o
osMessageGet                                      build/cmsis_os.o
osMessagePeek                                     build/cmsis_os.o
osMessagePut                                      build/cmsis_os.o
osMessageWaiting                                  build/cmsis_os.o
osMutexCreate                                     build/cmsis_os.o
osMutexDelete                                     build/cmsis_os.o
osMutexRelease                                    build/cmsis_os.o
osMutexWait                                       build/cmsis_os.o
osPoolAlloc                                       build/cmsis_os.o
osPoolCAlloc                                      build/cmsis_os.o
osPoolCreate                                      build/cmsis_os.o
osPoolFree                                        build/cmsis_os.o
osRecursiveMutexCreate                            build/cmsis_os.o
osRecursiveMutexRelease                           build/cmsis_os.o
osRecursiveMutexWait                              build/cmsis_os.o
osSemaphoreCreate                                 build/cmsis_os.o
osSemaphoreDelete                                 build/cmsis_os.o
osSemaphoreGetCount                               build/cmsis_os.o
osSemaphoreRelease                                build/cmsis_os.o
osSemaphoreWait                                   build/cmsis_os.o
osSignalSet                                       build/cmsis_os.o
osSignalWait                                      build/cmsis_os.o
osSystickHandler                                  build/cmsis_os.o
osThreadCreate                                    build/cmsis_os.o
                                                  build/freertos.o
osThreadGetId                                     build/cmsis_os.o
osThreadGetPriority                               build/cmsis_os.o
osThreadList                                      build/cmsis_os.o
osThreadResume                                    build/cmsis_os.o
osThreadResumeAll                                 build/cmsis_os.o
osThreadSetPriority                               build/cmsis_os.o
osThreadSuspend                                   build/cmsis_os.o
osThreadSuspendAll                                build/cmsis_os.o
osThreadTerminate                                 build/cmsis_os.o
osThreadYield                                     build/cmsis_os.o
osTimerCreate                                     build/cmsis_os.o
osTimerDelete                                     build/cmsis_os.o
osTimerStart                                      build/cmsis_os.o
osTimerStop                                       build/cmsis_os.o
pFlash                                            build/stm32l0xx_hal_flash.o
                                                  build/stm32l0xx_hal_flash_ex.o
                                                  build/stm32l0xx_hal_flash_ramfunc.o
pcQueueGetName                                    build/queue.o
pcTaskGetName                                     build/tasks.o
pvPortMalloc                                      build/heap_4.o
                                                  build/cmsis_os.o
                                                  build/tasks.o
                                                  build/stream_buffer.o
                                                  build/queue.o
                                                  build/event_groups.o
pvTaskIncrementMutexHeldCount                     build/tasks.o
                                                  build/queue.o
pxCurrentTCB                                      build/tasks.o
                                                  build/port.o
pxPortInitialiseStack                             build/port.o
                                                  build/tasks.o
software_init_hook                                /usr/local/gcc-arm-none-eabi-8-2019-q3-update/bin/../lib/gcc/arm-none-eabi/8.3.1/../../../../arm-none-eabi/lib/thumb/v6-m/nofp/crt0.o
ulSetInterruptMaskFromISR                         build/port.o
                                                  build/cmsis_os.o
                                                  build/tasks.o
                                                  build/stream_buffer.o
                                                  build/queue.o
                                                  build/event_groups.o
ulTaskNotifyTake                                  build/tasks.o
uwTick                                            build/stm32l0xx_hal.o
uwTickFreq                                        build/stm32l0xx_hal.o
uwTickPrio                                        build/stm32l0xx_hal.o
uxListRemove                                      build/list.o
                                                  build/tasks.o
uxQueueMessagesWaiting                            build/queue.o
                                                  build/cmsis_os.o
uxQueueMessagesWaitingFromISR                     build/queue.o
                                                  build/cmsis_os.o
uxQueueSpacesAvailable                            build/queue.o
                                                  build/cmsis_os.o
uxTaskGetNumberOfTasks                            build/tasks.o
uxTaskPriorityGet                                 build/tasks.o
                                                  build/cmsis_os.o
uxTaskPriorityGetFromISR                          build/tasks.o
                                                  build/cmsis_os.o
uxTaskResetEventItemValue                         build/tasks.o
                                                  build/event_groups.o
vApplicationGetIdleTaskMemory                     build/freertos.o
                                                  build/tasks.o
vClearInterruptMaskFromISR                        build/port.o
                                                  build/cmsis_os.o
                                                  build/tasks.o
                                                  build/stream_buffer.o
                                                  build/queue.o
                                                  build/event_groups.o
vEventGroupClearBitsCallback                      build/event_groups.o
vEventGroupDelete                                 build/event_groups.o
vEventGroupSetBitsCallback                        build/event_groups.o
vListInitialise                                   build/list.o
                                                  build/tasks.o
                                                  build/queue.o
                                                  build/event_groups.o
vListInitialiseItem                               build/list.o
                                                  build/tasks.o
vListInsert                                       build/list.o
                                                  build/tasks.o
vListInsertEnd                                    build/list.o
                                                  build/tasks.o
vPortEndScheduler                                 build/port.o
                                                  build/tasks.o
vPortEnterCritical                                build/port.o
                                                  build/cmsis_os.o
                                                  build/tasks.o
                                                  build/stream_buffer.o
                                                  build/queue.o
                                                  build/event_groups.o
vPortExitCritical                                 build/port.o
                                                  build/cmsis_os.o
                                                  build/tasks.o
                                                  build/stream_buffer.o
                                                  build/queue.o
                                                  build/event_groups.o
vPortFree                                         build/heap_4.o
                                                  build/cmsis_os.o
                                                  build/tasks.o
                                                  build/stream_buffer.o
                                                  build/queue.o
                                                  build/event_groups.o
vPortInitialiseBlocks                             build/heap_4.o
vPortYield                                        build/port.o
                                                  build/cmsis_os.o
                                                  build/tasks.o
                                                  build/queue.o
                                                  build/event_groups.o
vQueueAddToRegistry                               build/queue.o
vQueueDelete                                      build/queue.o
                                                  build/cmsis_os.o
vQueueUnregisterQueue                             build/queue.o
vStreamBufferDelete                               build/stream_buffer.o
vTaskDelay                                        build/tasks.o
                                                  build/cmsis_os.o
vTaskDelete                                       build/tasks.o
                                                  build/cmsis_os.o
vTaskEndScheduler                                 build/tasks.o
vTaskInternalSetTimeOutState                      build/tasks.o
                                                  build/queue.o
vTaskMissedYield                                  build/tasks.o
                                                  build/queue.o
vTaskNotifyGiveFromISR                            build/tasks.o
vTaskPlaceOnEventList                             build/tasks.o
                                                  build/queue.o
vTaskPlaceOnUnorderedEventList                    build/tasks.o
                                                  build/event_groups.o
vTaskPriorityDisinheritAfterTimeout               build/tasks.o
                                                  build/queue.o
vTaskPrioritySet                                  build/tasks.o
                                                  build/cmsis_os.o
vTaskRemoveFromUnorderedEventList                 build/tasks.o
                                                  build/event_groups.o
vTaskResume                                       build/tasks.o
                                                  build/cmsis_os.o
vTaskSetTimeOutState                              build/tasks.o
                                                  build/stream_buffer.o